PARTITION=root
HOST_CPUS=191
STAGE field
STAGE coupling
RESULT {"engine": "namaster", "cores": 96, "nside": 64, "spin": 0, "seconds": [], "cl_path": "benchmarks/independent/act_cl_re1_namaster96_n64_s0.npy", "nell": 6, "host_peak_gib": 0.8660392761230469}
PARTITION=root
HOST_CPUS=191
STAGE field
STAGE coupling
RESULT {"engine": "namaster", "cores": 96, "nside": 128, "spin": 0, "seconds": [], "cl_path": "benchmarks/independent/act_cl_re1_namaster96_n128_s0.npy", "nell": 12, "host_peak_gib": 0.878814697265625}
PARTITION=root
HOST_CPUS=191
STAGE field
STAGE coupling
RESULT {"engine": "namaster", "cores": 96, "nside": 256, "spin": 0, "seconds": [], "cl_path": "benchmarks/independent/act_cl_re1_namaster96_n256_s0.npy", "nell": 25, "host_peak_gib": 0.9114646911621094}
PARTITION=root
HOST_CPUS=191
STAGE field
STAGE coupling
RESULT {"engine": "namaster", "cores": 96, "nside": 512, "spin": 0, "seconds": [], "cl_path": "benchmarks/independent/act_cl_re1_namaster96_n512_s0.npy", "nell": 51, "host_peak_gib": 1.1135482788085938}
PARTITION=root
HOST_CPUS=191
STAGE field
STAGE coupling
RESULT {"engine": "namaster", "cores": 96, "nside": 1024, "spin": 0, "seconds": [], "cl_path": "benchmarks/independent/act_cl_re1_namaster96_n1024_s0.npy", "nell": 102, "host_peak_gib": 1.880157470703125}
PARTITION=root
HOST_CPUS=191
STAGE field
STAGE coupling
RESULT {"engine": "namaster", "cores": 96, "nside": 2048, "spin": 0, "seconds": [], "cl_path": "benchmarks/independent/act_cl_re1_namaster96_n2048_s0.npy", "nell": 204, "host_peak_gib": 5.030311584472656}
PARTITION=root
HOST_CPUS=191
STAGE field
STAGE coupling
RESULT {"engine": "namaster", "cores": 96, "nside": 4096, "spin": 0, "seconds": [], "cl_path": "benchmarks/independent/act_cl_re1_namaster96_n4096_s0.npy", "nell": 409, "host_peak_gib": 17.781757354736328}
PARTITION=root
HOST_CPUS=191
STAGE field
STAGE coupling
RESULT {"engine": "namaster", "cores": 96, "nside": 8192, "spin": 0, "seconds": [], "cl_path": "benchmarks/independent/act_cl_re1_namaster96_n8192_s0.npy", "nell": 819, "host_peak_gib": 68.58400344848633}
PARTITION=root
HOST_CPUS=191
STAGE field
STAGE coupling
RESULT {"engine": "namaster", "cores": 96, "nside": 64, "spin": 2, "seconds": [], "cl_path": "benchmarks/independent/act_cl_re1_namaster96_n64_s2.npy", "nell": 6, "host_peak_gib": 0.8737297058105469}
PARTITION=root
HOST_CPUS=191
STAGE field
STAGE coupling
RESULT {"engine": "namaster", "cores": 96, "nside": 128, "spin": 2, "seconds": [], "cl_path": "benchmarks/independent/act_cl_re1_namaster96_n128_s2.npy", "nell": 12, "host_peak_gib": 0.9218788146972656}
PARTITION=root
HOST_CPUS=191
STAGE field
STAGE coupling
RESULT {"engine": "namaster", "cores": 96, "nside": 256, "spin": 2, "seconds": [], "cl_path": "benchmarks/independent/act_cl_re1_namaster96_n256_s2.npy", "nell": 25, "host_peak_gib": 1.1398963928222656}
PARTITION=root
HOST_CPUS=191
STAGE field
STAGE coupling
RESULT {"engine": "namaster", "cores": 96, "nside": 512, "spin": 2, "seconds": [], "cl_path": "benchmarks/independent/act_cl_re1_namaster96_n512_s2.npy", "nell": 51, "host_peak_gib": 1.8736572265625}
PARTITION=root
HOST_CPUS=191
STAGE field
STAGE coupling
RESULT {"engine": "namaster", "cores": 96, "nside": 1024, "spin": 2, "seconds": [], "cl_path": "benchmarks/independent/act_cl_re1_namaster96_n1024_s2.npy", "nell": 102, "host_peak_gib": 5.019126892089844}
PARTITION=root
HOST_CPUS=191
STAGE field
STAGE coupling
RESULT {"engine": "namaster", "cores": 96, "nside": 2048, "spin": 2, "seconds": [], "cl_path": "benchmarks/independent/act_cl_re1_namaster96_n2048_s2.npy", "nell": 204, "host_peak_gib": 17.79198455810547}
PARTITION=root
HOST_CPUS=191
STAGE field
STAGE coupling
nmt_bin64: numpy i64 binning nls=12288 ncls=4 flat=2415919104
RESULT {"engine": "namaster", "cores": 96, "nside": 4096, "spin": 2, "seconds": [], "cl_path": "benchmarks/independent/act_cl_re1_namaster96_n4096_s2.npy", "nell": 409, "host_peak_gib": 35.11243438720703}
PARTITION=root
HOST_CPUS=191
STAGE field
STAGE coupling
nmt_bin64: numpy i64 binning nls=24576 ncls=4 flat=9663676416
RESULT {"engine": "namaster", "cores": 96, "nside": 8192, "spin": 2, "seconds": [], "cl_path": "benchmarks/independent/act_cl_re1_namaster96_n8192_s2.npy", "nell": 819, "host_peak_gib": 137.6399269104004}
