PARTITION=root
HOST_DENIED cpu 32
STAGE field
STAGE coupling
E0926 16:57:32.730395     103 gpu_cudamallocasync_allocator.cc:359] gpu_async_0 cuMemAllocAsync failed to allocate 8588886016 bytes: RESOURCE_EXHAUSTED: : CUDA_ERROR_OUT_OF_MEMORY: out of memory
 Reported by CUDA: Free memory/Total memory: 29884416/101971460096
E0926 16:57:32.730424     103 gpu_cudamallocasync_allocator.cc:364] Stats: Limit:                              0B
InUse:                        80.50GiB
MaxInUse:                     81.84GiB
NumAllocs:                        8976
MaxAllocSize:                 22.53GiB
Reserved:                           0B
PeakReserved:                       0B
LargestFreeBlock:                   0B

E0926 16:57:32.730434     103 gpu_cudamallocasync_allocator.cc:68] Histogram of current allocation: (allocation_size_in_bytes, nb_allocation_of_that_sizes), ...;
E0926 16:57:32.730435     103 gpu_cudamallocasync_allocator.cc:71] 4, 3
E0926 16:57:32.730437     103 gpu_cudamallocasync_allocator.cc:71] 8, 3
E0926 16:57:32.730437     103 gpu_cudamallocasync_allocator.cc:71] 512, 1
E0926 16:57:32.730438     103 gpu_cudamallocasync_allocator.cc:71] 32768, 1
E0926 16:57:32.730439     103 gpu_cudamallocasync_allocator.cc:71] 65528, 3
E0926 16:57:32.730439     103 gpu_cudamallocasync_allocator.cc:71] 98280, 2
E0926 16:57:32.730440     103 gpu_cudamallocasync_allocator.cc:71] 131056, 5
E0926 16:57:32.730441     103 gpu_cudamallocasync_allocator.cc:71] 131072, 3
E0926 16:57:32.730442     103 gpu_cudamallocasync_allocator.cc:71] 196560, 2
E0926 16:57:32.730442     103 gpu_cudamallocasync_allocator.cc:71] 196608, 1
E0926 16:57:32.730443     103 gpu_cudamallocasync_allocator.cc:71] 262136, 1
E0926 16:57:32.730444     103 gpu_cudamallocasync_allocator.cc:71] 262144, 3
E0926 16:57:32.730444     103 gpu_cudamallocasync_allocator.cc:71] 2416017408, 2
E0926 16:57:32.730445     103 gpu_cudamallocasync_allocator.cc:71] 3220832256, 1
E0926 16:57:32.730446     103 gpu_cudamallocasync_allocator.cc:71] 4294443008, 1
E0926 16:57:32.730446     103 gpu_cudamallocasync_allocator.cc:71] 6442254336, 1
E0926 16:57:32.730447     103 gpu_cudamallocasync_allocator.cc:71] 6442450944, 3
E0926 16:57:32.730448     103 gpu_cudamallocasync_allocator.cc:71] 8588886016, 1
E0926 16:57:32.730449     103 gpu_cudamallocasync_allocator.cc:71] 9664069632, 1
E0926 16:57:32.730449     103 gpu_cudamallocasync_allocator.cc:71] 12884901888, 1
E0926 16:57:32.730450     103 gpu_cudamallocasync_allocator.cc:71] 17177772032, 1
E0926 16:57:32.730452     103 gpu_cudamallocasync_allocator.cc:104] CU_MEMPOOL_ATTR_RESERVED_MEM_CURRENT: 94724161536
E0926 16:57:32.730453     103 gpu_cudamallocasync_allocator.cc:106] CU_MEMPOOL_ATTR_USED_MEM_CURRENT: 86435660068
E0926 16:57:32.730454     103 gpu_cudamallocasync_allocator.cc:107] CU_MEMPOOL_ATTR_RESERVED_MEM_HIGH: 94757715968
E0926 16:57:32.730455     103 gpu_cudamallocasync_allocator.cc:108] CU_MEMPOOL_ATTR_USED_MEM_HIGH: 87871130936
E0926 16:57:32.730458     103 cuda_fft.cc:272] Failed to allocate work area.
E0926 16:57:32.730461     103 cuda_fft.cc:323] Initialize Params: rank: 1 elem_count: 65536 input_embed: 65536 input_stride: 1 input_distance: 65536 output_embed: 65536 output_stride: 1 output_distance: 65536 batch_count: 16382
E0926 16:57:32.730464     103 cuda_fft.cc:332] Failed to initialize batched cufft plan with customized allocator: Out of memory while trying to allocate 8.00GiB.
E0926 16:57:32.744872     103 status_macros.cc:58] INTERNAL: RET_CHECK failure (external/xla/xla/backends/gpu/runtime/fft_thunk.cc:199) fft_plan != nullptr Failed to create cuFFT batched plan with scratch allocator
*** Begin stack trace ***
	
	
	
	
	
	
	
	
	
	
	
	
	
	
	
	
	
	
	
	
	
	
	PyObject_Vectorcall
	_PyEval_EvalFrameDefault
	_PyObject_Call_Prepend
	
	PyObject_Call
	_PyEval_EvalFrameDefault
	PyObject_Vectorcall
	
	
	PyObject_Vectorcall
	_PyEval_EvalFrameDefault
	PyEval_EvalCode
	
	
	_PyRun_SimpleFileObject
	_PyRun_AnyFileObject
	Py_RunMain
	Py_BytesMain
	
	__libc_start_main
	_start
*** End stack trace ***

FAIL nside=8192 spin=2 JaxRuntimeError: INTERNAL: RET_CHECK failure (external/xla/xla/backends/gpu/runtime/fft_thunk.cc:199) fft_plan != nullptr Failed to create cuFFT batched plan with scratch allocator
Traceback (most recent call last):
  File "/scratch/scratch-lxu/agent_dev/auto_research_agent/GMaster/benchmarks/independent/bench_act_warm.py", line 122, in main
    one(nside, spin, engine, cores)
  File "/scratch/scratch-lxu/agent_dev/auto_research_agent/GMaster/benchmarks/independent/bench_act_warm.py", line 98, in one
    cl = once()
         ^^^^^^
  File "/scratch/scratch-lxu/agent_dev/auto_research_agent/GMaster/benchmarks/independent/bench_act_warm.py", line 91, in once
    work.compute_coupling_matrix(field, field, bins)
  File "/scratch/scratch-lxu/agent_dev/auto_research_agent/GMaster/gmaster/workspaces.py", line 1563, in compute_coupling_matrix
    jax.block_until_ready(fl1.get_mask_alms())
  File "/scratch/scratch-lxu/venv/cmbagent_env/lib/python3.12/site-packages/jax/_src/api.py", line 2581, in block_until_ready
    try_to_block(arrays[0])
  File "/scratch/scratch-lxu/venv/cmbagent_env/lib/python3.12/site-packages/jax/_src/api.py", line 2564, in try_to_block
    return x.block_until_ready()
           ^^^^^^^^^^^^^^^^^^^^^
jax.errors.JaxRuntimeError: INTERNAL: RET_CHECK failure (external/xla/xla/backends/gpu/runtime/fft_thunk.cc:199) fft_plan != nullptr Failed to create cuFFT batched plan with scratch allocator
PARTITION=root
HOST_DENIED cpu 32
STAGE field
STAGE coupling
STAGE field
STAGE coupling
RESULT {"engine": "gmaster", "cores": 8, "nside": 64, "spin": 2, "seconds": [0.004756804963108152], "cl_path": "benchmarks/independent/act_cl_re1_gmaster8_n64_s2.npy", "nell": 6, "host_peak_gib": 1.9180412292480469, "gpu_peak_gib": 0.10846652090549469}
PARTITION=root
HOST_DENIED cpu 32
STAGE field
STAGE coupling
STAGE field
STAGE coupling
RESULT {"engine": "gmaster", "cores": 8, "nside": 128, "spin": 2, "seconds": [0.006252329039853066], "cl_path": "benchmarks/independent/act_cl_re1_gmaster8_n128_s2.npy", "nell": 12, "host_peak_gib": 2.0361366271972656, "gpu_peak_gib": 0.12863752990961075}
PARTITION=root
HOST_DENIED cpu 32
STAGE field
STAGE coupling
STAGE field
STAGE coupling
RESULT {"engine": "gmaster", "cores": 8, "nside": 256, "spin": 2, "seconds": [0.011950342974159867], "cl_path": "benchmarks/independent/act_cl_re1_gmaster8_n256_s2.npy", "nell": 25, "host_peak_gib": 2.433826446533203, "gpu_peak_gib": 0.2911796122789383}
PARTITION=root
HOST_DENIED cpu 32
STAGE field
STAGE coupling
STAGE field
STAGE coupling
RESULT {"engine": "gmaster", "cores": 8, "nside": 512, "spin": 2, "seconds": [0.03654087602626532], "cl_path": "benchmarks/independent/act_cl_re1_gmaster8_n512_s2.npy", "nell": 51, "host_peak_gib": 3.5750656127929688, "gpu_peak_gib": 1.0127022303640842}
PARTITION=root
HOST_DENIED cpu 32
STAGE field
STAGE coupling
STAGE field
STAGE coupling
RESULT {"engine": "gmaster", "cores": 8, "nside": 1024, "spin": 2, "seconds": [0.1708192880032584], "cl_path": "benchmarks/independent/act_cl_re1_gmaster8_n1024_s2.npy", "nell": 102, "host_peak_gib": 9.841800689697266, "gpu_peak_gib": 3.9988369457423687}
PARTITION=root
HOST_DENIED cpu 32
STAGE field
STAGE coupling
STAGE field
STAGE coupling
RESULT {"engine": "gmaster", "cores": 8, "nside": 2048, "spin": 2, "seconds": [0.34188027802156284], "cl_path": "benchmarks/independent/act_cl_re1_gmaster8_n2048_s2.npy", "nell": 204, "host_peak_gib": 11.717533111572266, "gpu_peak_gib": 18.504412597045302}
PARTITION=root
HOST_DENIED cpu 32
STAGE field
STAGE coupling
STAGE field
STAGE coupling
RESULT {"engine": "gmaster", "cores": 8, "nside": 4096, "spin": 2, "seconds": [1.5028076610178687], "cl_path": "benchmarks/independent/act_cl_re1_gmaster8_n4096_s2.npy", "nell": 409, "host_peak_gib": 29.19403839111328, "gpu_peak_gib": 66.60606372728944}
PARTITION=root
HOST_DENIED cpu 32
STAGE field
STAGE coupling
STAGE field
STAGE coupling
RESULT {"engine": "gmaster", "cores": 8, "nside": 8192, "spin": 0, "seconds": [43.492083041986916], "cl_path": "benchmarks/independent/act_cl_re1_gmaster8_n8192_s0.npy", "nell": 819, "host_peak_gib": 33.2791748046875, "gpu_peak_gib": 86.61811095103621}
PARTITION=root
HOST_DENIED cpu 32
STAGE field
STAGE coupling
STAGE field
STAGE coupling
RESULT {"engine": "gmaster", "cores": 8, "nside": 64, "spin": 0, "seconds": [0.0033612209954299033], "cl_path": "benchmarks/independent/act_cl_re1_gmaster8_n64_s0.npy", "nell": 6, "host_peak_gib": 1.834930419921875, "gpu_peak_gib": 0.14939434453845024}
PARTITION=root
HOST_DENIED cpu 32
STAGE field
STAGE coupling
STAGE field
STAGE coupling
RESULT {"engine": "gmaster", "cores": 8, "nside": 128, "spin": 0, "seconds": [0.004129428998567164], "cl_path": "benchmarks/independent/act_cl_re1_gmaster8_n128_s0.npy", "nell": 12, "host_peak_gib": 1.8872299194335938, "gpu_peak_gib": 0.17343376204371452}
PARTITION=root
HOST_DENIED cpu 32
STAGE field
STAGE coupling
STAGE field
STAGE coupling
RESULT {"engine": "gmaster", "cores": 8, "nside": 256, "spin": 0, "seconds": [0.006673772993963212], "cl_path": "benchmarks/independent/act_cl_re1_gmaster8_n256_s0.npy", "nell": 25, "host_peak_gib": 2.0629310607910156, "gpu_peak_gib": 0.38568393513560295}
PARTITION=root
HOST_DENIED cpu 32
STAGE field
STAGE coupling
STAGE field
STAGE coupling
RESULT {"engine": "gmaster", "cores": 8, "nside": 512, "spin": 0, "seconds": [0.01907371002016589], "cl_path": "benchmarks/independent/act_cl_re1_gmaster8_n512_s0.npy", "nell": 51, "host_peak_gib": 1.9835968017578125, "gpu_peak_gib": 0.7832541950047016}
PARTITION=root
HOST_DENIED cpu 32
STAGE field
STAGE coupling
STAGE field
STAGE coupling
RESULT {"engine": "gmaster", "cores": 8, "nside": 1024, "spin": 0, "seconds": [0.10943974601104856], "cl_path": "benchmarks/independent/act_cl_re1_gmaster8_n1024_s0.npy", "nell": 102, "host_peak_gib": 2.5390586853027344, "gpu_peak_gib": 3.1062490828335285}
PARTITION=root
HOST_DENIED cpu 32
STAGE field
STAGE coupling
STAGE field
STAGE coupling
RESULT {"engine": "gmaster", "cores": 8, "nside": 2048, "spin": 0, "seconds": [0.1792508059879765], "cl_path": "benchmarks/independent/act_cl_re1_gmaster8_n2048_s0.npy", "nell": 204, "host_peak_gib": 11.179008483886719, "gpu_peak_gib": 10.98904156498611}
PARTITION=root
HOST_DENIED cpu 32
STAGE field
STAGE coupling
STAGE field
STAGE coupling
RESULT {"engine": "gmaster", "cores": 8, "nside": 4096, "spin": 0, "seconds": [0.7434728849912062], "cl_path": "benchmarks/independent/act_cl_re1_gmaster8_n4096_s0.npy", "nell": 409, "host_peak_gib": 27.339584350585938, "gpu_peak_gib": 39.82431476190686}
