BEGIN gmaster 8192 spin2 both GPUs
docker: Error response from daemon: cannot set both Count and DeviceIDs on device request

Run 'docker run --help' for more information
RESTART gmaster 8192 spin2 gpus all
PARTITION=root
HOST_DENIED cpu 64
STAGE field
E0925 11:52:55.917799     553 gpu_cudamallocasync_allocator.cc:359] gpu_async_0 cuMemAllocAsync failed to allocate 22701461744 bytes: RESOURCE_EXHAUSTED: : CUDA_ERROR_OUT_OF_MEMORY: out of memory
 Reported by CUDA: Free memory/Total memory: 13107200/101971460096
E0925 11:52:55.917862     553 gpu_cudamallocasync_allocator.cc:364] Stats: Limit:                              0B
InUse:                        76.50GiB
MaxInUse:                     78.50GiB
NumAllocs:                        3570
MaxAllocSize:                 24.00GiB
Reserved:                           0B
PeakReserved:                       0B
LargestFreeBlock:                   0B

E0925 11:52:55.917902     553 gpu_cudamallocasync_allocator.cc:68] Histogram of current allocation: (allocation_size_in_bytes, nb_allocation_of_that_sizes), ...;
E0925 11:52:55.917905     553 gpu_cudamallocasync_allocator.cc:71] 512, 2
E0925 11:52:55.917907     553 gpu_cudamallocasync_allocator.cc:71] 32768, 2
E0925 11:52:55.917909     553 gpu_cudamallocasync_allocator.cc:71] 98280, 2
E0925 11:52:55.917909     553 gpu_cudamallocasync_allocator.cc:71] 131056, 1
E0925 11:52:55.917911     553 gpu_cudamallocasync_allocator.cc:71] 131072, 6
E0925 11:52:55.917911     553 gpu_cudamallocasync_allocator.cc:71] 196560, 2
E0925 11:52:55.917913     553 gpu_cudamallocasync_allocator.cc:71] 196608, 1
E0925 11:52:55.917914     553 gpu_cudamallocasync_allocator.cc:71] 262136, 2
E0925 11:52:55.917915     553 gpu_cudamallocasync_allocator.cc:71] 262144, 6
E0925 11:52:55.917917     553 gpu_cudamallocasync_allocator.cc:71] 2416017408, 2
E0925 11:52:55.917918     553 gpu_cudamallocasync_allocator.cc:71] 6442450944, 1
E0925 11:52:55.917919     553 gpu_cudamallocasync_allocator.cc:71] 12884901888, 2
E0925 11:52:55.917920     553 gpu_cudamallocasync_allocator.cc:71] 19326959616, 1
E0925 11:52:55.917921     553 gpu_cudamallocasync_allocator.cc:71] 25769017344, 1
E0925 11:52:55.917923     553 gpu_cudamallocasync_allocator.cc:104] CU_MEMPOOL_ATTR_RESERVED_MEM_CURRENT: 101300830208
E0925 11:52:55.917924     553 gpu_cudamallocasync_allocator.cc:106] CU_MEMPOOL_ATTR_USED_MEM_CURRENT: 82144133968
E0925 11:52:55.917925     553 gpu_cudamallocasync_allocator.cc:107] CU_MEMPOOL_ATTR_RESERVED_MEM_HIGH: 101300830208
E0925 11:52:55.917926     553 gpu_cudamallocasync_allocator.cc:108] CU_MEMPOOL_ATTR_USED_MEM_HIGH: 84289869672
FAIL nside=8192 spin=2 JaxRuntimeError: RESOURCE_EXHAUSTED: Out of memory while trying to allocate 21.14GiB.
Traceback (most recent call last):
  File "/scratch/scratch-lxu/agent_dev/auto_research_agent/GMaster/benchmarks/independent/bench_act_warm.py", line 104, in main
    one(nside, spin, engine, cores)
  File "/scratch/scratch-lxu/agent_dev/auto_research_agent/GMaster/benchmarks/independent/bench_act_warm.py", line 82, in one
    once()
  File "/scratch/scratch-lxu/agent_dev/auto_research_agent/GMaster/benchmarks/independent/bench_act_warm.py", line 71, in once
    field = nmt.NmtField(mask, maps, n_iter=3, spin=spin) if spin else nmt.NmtField(mask, maps, n_iter=3)
            ^^^^^^^^^^^^^^^^^^^^^^^^^^^^^^^^^^^^^^^^^^^^^
  File "/scratch/scratch-lxu/agent_dev/auto_research_agent/GMaster/gmaster/field.py", line 225, in __init__
    self.alm = map2alm(
               ^^^^^^^^
  File "/scratch/scratch-lxu/agent_dev/auto_research_agent/GMaster/gmaster/utils.py", line 3050, in map2alm
    return _map2alm_core_multi_gpu(
           ^^^^^^^^^^^^^^^^^^^^^^^^
  File "/scratch/scratch-lxu/agent_dev/auto_research_agent/GMaster/gmaster/utils.py", line 2935, in _map2alm_core_multi_gpu
    alm = _map2alm_once_multi_gpu(
          ^^^^^^^^^^^^^^^^^^^^^^^^
  File "/scratch/scratch-lxu/agent_dev/auto_research_agent/GMaster/gmaster/utils.py", line 2919, in _map2alm_once_multi_gpu
    plus = _forward_s2fft_multi_gpu(
           ^^^^^^^^^^^^^^^^^^^^^^^^^
  File "/scratch/scratch-lxu/agent_dev/auto_research_agent/GMaster/gmaster/utils.py", line 1798, in _forward_s2fft_multi_gpu
    low, high = low_future.result(), high_future.result()
                                     ^^^^^^^^^^^^^^^^^^^^
  File "/usr/lib/python3.12/concurrent/futures/_base.py", line 456, in result
    return self.__get_result()
           ^^^^^^^^^^^^^^^^^^^
  File "/usr/lib/python3.12/concurrent/futures/_base.py", line 401, in __get_result
    raise self._exception
  File "/usr/lib/python3.12/concurrent/futures/thread.py", line 58, in run
    result = self.fn(*self.args, **self.kwargs)
             ^^^^^^^^^^^^^^^^^^^^^^^^^^^^^^^^^^
  File "/scratch/scratch-lxu/agent_dev/auto_research_agent/GMaster/gmaster/utils.py", line 855, in _run_blocking
    result.block_until_ready()
jax.errors.JaxRuntimeError: RESOURCE_EXHAUSTED: Out of memory while trying to allocate 21.14GiB.
RESTART2 gmaster 8192 spin2 march on second GPU
PARTITION=root
HOST_DENIED cpu 64
STAGE field
W0925 11:59:30.214651     115 hlo_rematerialization.cc:3233] Can't reduce memory use below 56.26GiB (60408218254 bytes) by rematerialization; only reduced to 63.93GiB (68649881612 bytes), down from 63.93GiB (68649881612 bytes) originally
E0925 12:01:48.632170     115 gpu_cudamallocasync_allocator.cc:359] gpu_async_0 cuMemAllocAsync failed to allocate 17180416008 bytes: RESOURCE_EXHAUSTED: : CUDA_ERROR_OUT_OF_MEMORY: out of memory
 Reported by CUDA: Free memory/Total memory: 8912896/101971460096
E0925 12:01:48.632202     115 gpu_cudamallocasync_allocator.cc:364] Stats: Limit:                              0B
InUse:                        79.50GiB
MaxInUse:                     79.50GiB
NumAllocs:                         256
MaxAllocSize:                 24.00GiB
Reserved:                           0B
PeakReserved:                       0B
LargestFreeBlock:                   0B

E0925 12:01:48.632216     115 gpu_cudamallocasync_allocator.cc:68] Histogram of current allocation: (allocation_size_in_bytes, nb_allocation_of_that_sizes), ...;
E0925 12:01:48.632218     115 gpu_cudamallocasync_allocator.cc:71] 512, 1
E0925 12:01:48.632220     115 gpu_cudamallocasync_allocator.cc:71] 32768, 1
E0925 12:01:48.632221     115 gpu_cudamallocasync_allocator.cc:71] 98280, 2
E0925 12:01:48.632222     115 gpu_cudamallocasync_allocator.cc:71] 131056, 2
E0925 12:01:48.632222     115 gpu_cudamallocasync_allocator.cc:71] 131072, 3
E0925 12:01:48.632223     115 gpu_cudamallocasync_allocator.cc:71] 196560, 2
E0925 12:01:48.632224     115 gpu_cudamallocasync_allocator.cc:71] 196608, 1
E0925 12:01:48.632224     115 gpu_cudamallocasync_allocator.cc:71] 262136, 1
E0925 12:01:48.632225     115 gpu_cudamallocasync_allocator.cc:71] 262144, 3
E0925 12:01:48.632226     115 gpu_cudamallocasync_allocator.cc:71] 2416017408, 2
E0925 12:01:48.632227     115 gpu_cudamallocasync_allocator.cc:71] 6442450944, 1
E0925 12:01:48.632227     115 gpu_cudamallocasync_allocator.cc:71] 9664069632, 1
E0925 12:01:48.632228     115 gpu_cudamallocasync_allocator.cc:71] 12884901888, 3
E0925 12:01:48.632229     115 gpu_cudamallocasync_allocator.cc:71] 25769017344, 1
E0925 12:01:48.632231     115 gpu_cudamallocasync_allocator.cc:104] CU_MEMPOOL_ATTR_RESERVED_MEM_CURRENT: 94858379264
E0925 12:01:48.632232     115 gpu_cudamallocasync_allocator.cc:106] CU_MEMPOOL_ATTR_USED_MEM_CURRENT: 85364801864
E0925 12:01:48.632233     115 gpu_cudamallocasync_allocator.cc:107] CU_MEMPOOL_ATTR_RESERVED_MEM_HIGH: 94858379264
E0925 12:01:48.632234     115 gpu_cudamallocasync_allocator.cc:108] CU_MEMPOOL_ATTR_USED_MEM_HIGH: 85364801864
FAIL nside=8192 spin=2 JaxRuntimeError: RESOURCE_EXHAUSTED: Out of memory while trying to allocate 16.00GiB.
Traceback (most recent call last):
  File "/scratch/scratch-lxu/agent_dev/auto_research_agent/GMaster/benchmarks/independent/bench_act_warm.py", line 104, in main
    one(nside, spin, engine, cores)
  File "/scratch/scratch-lxu/agent_dev/auto_research_agent/GMaster/benchmarks/independent/bench_act_warm.py", line 82, in one
    once()
  File "/scratch/scratch-lxu/agent_dev/auto_research_agent/GMaster/benchmarks/independent/bench_act_warm.py", line 71, in once
    field = nmt.NmtField(mask, maps, n_iter=3, spin=spin) if spin else nmt.NmtField(mask, maps, n_iter=3)
            ^^^^^^^^^^^^^^^^^^^^^^^^^^^^^^^^^^^^^^^^^^^^^
  File "/scratch/scratch-lxu/agent_dev/auto_research_agent/GMaster/gmaster/field.py", line 225, in __init__
    self.alm = map2alm(
               ^^^^^^^^
  File "/scratch/scratch-lxu/agent_dev/auto_research_agent/GMaster/gmaster/utils.py", line 3069, in map2alm
    return _map2alm_core_multi_gpu(
           ^^^^^^^^^^^^^^^^^^^^^^^^
  File "/scratch/scratch-lxu/agent_dev/auto_research_agent/GMaster/gmaster/utils.py", line 2970, in _map2alm_core_multi_gpu
    alm -= _map2alm_once_multi_gpu(
           ^^^^^^^^^^^^^^^^^^^^^^^^
  File "/scratch/scratch-lxu/agent_dev/auto_research_agent/GMaster/gmaster/utils.py", line 2938, in _map2alm_once_multi_gpu
    plus = _forward_s2fft_multi_gpu(
           ^^^^^^^^^^^^^^^^^^^^^^^^^
  File "/scratch/scratch-lxu/agent_dev/auto_research_agent/GMaster/gmaster/utils.py", line 1788, in _forward_s2fft_multi_gpu
    ftm = _copy_to_device(ftm, secondary)
          ^^^^^^^^^^^^^^^^^^^^^^^^^^^^^^^
  File "/scratch/scratch-lxu/agent_dev/auto_research_agent/GMaster/gmaster/utils.py", line 847, in _copy_to_device
    array = np.asarray(array)
            ^^^^^^^^^^^^^^^^^
  File "/scratch/scratch-lxu/venv/cmbagent_env/lib/python3.12/site-packages/jax/_src/array.py", line 414, in __array__
    return np.asarray(self._value, dtype=dtype, **kwds)  # pyrefly: ignore[no-matching-overload]
                      ^^^^^^^^^^^
  File "/scratch/scratch-lxu/venv/cmbagent_env/lib/python3.12/site-packages/jax/_src/profiler.py", line 384, in wrapper
    return func(*args, **kwargs)
           ^^^^^^^^^^^^^^^^^^^^^
  File "/scratch/scratch-lxu/venv/cmbagent_env/lib/python3.12/site-packages/jax/_src/array.py", line 614, in _value
    npy_value, did_copy = self._single_device_array_to_np_array_did_copy()
                          ^^^^^^^^^^^^^^^^^^^^^^^^^^^^^^^^^^^^^^^^^^^^^^^^
jax.errors.JaxRuntimeError: RESOURCE_EXHAUSTED: Out of memory while trying to allocate 16.00GiB.
RESTART3 gmaster 8192 spin2 peer copy
PARTITION=root
HOST_DENIED cpu 64
STAGE field
W0925 12:07:00.696304     113 hlo_rematerialization.cc:3233] Can't reduce memory use below 56.26GiB (60408218254 bytes) by rematerialization; only reduced to 63.93GiB (68649881612 bytes), down from 63.93GiB (68649881612 bytes) originally
E0925 12:09:16.377855     113 gpu_cudamallocasync_allocator.cc:359] gpu_async_0 cuMemAllocAsync failed to allocate 17180416008 bytes: RESOURCE_EXHAUSTED: : CUDA_ERROR_OUT_OF_MEMORY: out of memory
 Reported by CUDA: Free memory/Total memory: 11010048/101971460096
E0925 12:09:16.377886     113 gpu_cudamallocasync_allocator.cc:364] Stats: Limit:                              0B
InUse:                        79.50GiB
MaxInUse:                     79.50GiB
NumAllocs:                         256
MaxAllocSize:                 24.00GiB
Reserved:                           0B
PeakReserved:                       0B
LargestFreeBlock:                   0B

E0925 12:09:16.377894     113 gpu_cudamallocasync_allocator.cc:68] Histogram of current allocation: (allocation_size_in_bytes, nb_allocation_of_that_sizes), ...;
E0925 12:09:16.377895     113 gpu_cudamallocasync_allocator.cc:71] 512, 1
E0925 12:09:16.377897     113 gpu_cudamallocasync_allocator.cc:71] 32768, 1
E0925 12:09:16.377898     113 gpu_cudamallocasync_allocator.cc:71] 98280, 2
E0925 12:09:16.377898     113 gpu_cudamallocasync_allocator.cc:71] 131056, 2
E0925 12:09:16.377899     113 gpu_cudamallocasync_allocator.cc:71] 131072, 3
E0925 12:09:16.377899     113 gpu_cudamallocasync_allocator.cc:71] 196560, 2
E0925 12:09:16.377900     113 gpu_cudamallocasync_allocator.cc:71] 196608, 1
E0925 12:09:16.377900     113 gpu_cudamallocasync_allocator.cc:71] 262136, 1
E0925 12:09:16.377901     113 gpu_cudamallocasync_allocator.cc:71] 262144, 3
E0925 12:09:16.377901     113 gpu_cudamallocasync_allocator.cc:71] 2416017408, 2
E0925 12:09:16.377902     113 gpu_cudamallocasync_allocator.cc:71] 6442450944, 1
E0925 12:09:16.377903     113 gpu_cudamallocasync_allocator.cc:71] 9664069632, 1
E0925 12:09:16.377903     113 gpu_cudamallocasync_allocator.cc:71] 12884901888, 3
E0925 12:09:16.377904     113 gpu_cudamallocasync_allocator.cc:71] 25769017344, 1
E0925 12:09:16.377906     113 gpu_cudamallocasync_allocator.cc:104] CU_MEMPOOL_ATTR_RESERVED_MEM_CURRENT: 94858379264
E0925 12:09:16.377907     113 gpu_cudamallocasync_allocator.cc:106] CU_MEMPOOL_ATTR_USED_MEM_CURRENT: 85364801864
E0925 12:09:16.377908     113 gpu_cudamallocasync_allocator.cc:107] CU_MEMPOOL_ATTR_RESERVED_MEM_HIGH: 94858379264
E0925 12:09:16.377908     113 gpu_cudamallocasync_allocator.cc:108] CU_MEMPOOL_ATTR_USED_MEM_HIGH: 85364801864
FAIL nside=8192 spin=2 JaxRuntimeError: RESOURCE_EXHAUSTED: Out of memory while trying to allocate 16.00GiB.
Traceback (most recent call last):
  File "/scratch/scratch-lxu/agent_dev/auto_research_agent/GMaster/benchmarks/independent/bench_act_warm.py", line 104, in main
    one(nside, spin, engine, cores)
  File "/scratch/scratch-lxu/agent_dev/auto_research_agent/GMaster/benchmarks/independent/bench_act_warm.py", line 82, in one
    once()
  File "/scratch/scratch-lxu/agent_dev/auto_research_agent/GMaster/benchmarks/independent/bench_act_warm.py", line 71, in once
    field = nmt.NmtField(mask, maps, n_iter=3, spin=spin) if spin else nmt.NmtField(mask, maps, n_iter=3)
            ^^^^^^^^^^^^^^^^^^^^^^^^^^^^^^^^^^^^^^^^^^^^^
  File "/scratch/scratch-lxu/agent_dev/auto_research_agent/GMaster/gmaster/field.py", line 225, in __init__
    self.alm = map2alm(
               ^^^^^^^^
  File "/scratch/scratch-lxu/agent_dev/auto_research_agent/GMaster/gmaster/utils.py", line 3069, in map2alm
    return _map2alm_core_multi_gpu(
           ^^^^^^^^^^^^^^^^^^^^^^^^
  File "/scratch/scratch-lxu/agent_dev/auto_research_agent/GMaster/gmaster/utils.py", line 2970, in _map2alm_core_multi_gpu
    alm -= _map2alm_once_multi_gpu(
           ^^^^^^^^^^^^^^^^^^^^^^^^
  File "/scratch/scratch-lxu/agent_dev/auto_research_agent/GMaster/gmaster/utils.py", line 2938, in _map2alm_once_multi_gpu
    plus = _forward_s2fft_multi_gpu(
           ^^^^^^^^^^^^^^^^^^^^^^^^^
  File "/scratch/scratch-lxu/agent_dev/auto_research_agent/GMaster/gmaster/utils.py", line 1788, in _forward_s2fft_multi_gpu
    ftm = _copy_to_device(ftm, secondary)
          ^^^^^^^^^^^^^^^^^^^^^^^^^^^^^^^
  File "/scratch/scratch-lxu/agent_dev/auto_research_agent/GMaster/gmaster/utils.py", line 849, in _copy_to_device
    copied.block_until_ready()
jax.errors.JaxRuntimeError: RESOURCE_EXHAUSTED: Out of memory while trying to allocate 16.00GiB.
RESTART4 gmaster 8192 spin2 drop parent spectrum
PARTITION=root
HOST_DENIED cpu 64
STAGE field
W0925 12:15:39.921649     114 hlo_rematerialization.cc:3233] Can't reduce memory use below 56.26GiB (60408218254 bytes) by rematerialization; only reduced to 63.93GiB (68649881612 bytes), down from 63.93GiB (68649881612 bytes) originally
E0925 12:17:55.400242     114 gpu_cudamallocasync_allocator.cc:359] gpu_async_0 cuMemAllocAsync failed to allocate 17180416008 bytes: RESOURCE_EXHAUSTED: : CUDA_ERROR_OUT_OF_MEMORY: out of memory
 Reported by CUDA: Free memory/Total memory: 11010048/101971460096
E0925 12:17:55.400277     114 gpu_cudamallocasync_allocator.cc:364] Stats: Limit:                              0B
InUse:                        79.50GiB
MaxInUse:                     79.50GiB
NumAllocs:                         257
MaxAllocSize:                 24.00GiB
Reserved:                           0B
PeakReserved:                       0B
LargestFreeBlock:                   0B

E0925 12:17:55.400294     114 gpu_cudamallocasync_allocator.cc:68] Histogram of current allocation: (allocation_size_in_bytes, nb_allocation_of_that_sizes), ...;
E0925 12:17:55.400296     114 gpu_cudamallocasync_allocator.cc:71] 512, 1
E0925 12:17:55.400298     114 gpu_cudamallocasync_allocator.cc:71] 32768, 1
E0925 12:17:55.400299     114 gpu_cudamallocasync_allocator.cc:71] 98280, 2
E0925 12:17:55.400299     114 gpu_cudamallocasync_allocator.cc:71] 131056, 2
E0925 12:17:55.400300     114 gpu_cudamallocasync_allocator.cc:71] 131072, 3
E0925 12:17:55.400300     114 gpu_cudamallocasync_allocator.cc:71] 196560, 2
E0925 12:17:55.400301     114 gpu_cudamallocasync_allocator.cc:71] 196608, 1
E0925 12:17:55.400301     114 gpu_cudamallocasync_allocator.cc:71] 262136, 1
E0925 12:17:55.400302     114 gpu_cudamallocasync_allocator.cc:71] 262144, 3
E0925 12:17:55.400302     114 gpu_cudamallocasync_allocator.cc:71] 2416017408, 2
E0925 12:17:55.400303     114 gpu_cudamallocasync_allocator.cc:71] 6442450944, 1
E0925 12:17:55.400304     114 gpu_cudamallocasync_allocator.cc:71] 9664069632, 1
E0925 12:17:55.400304     114 gpu_cudamallocasync_allocator.cc:71] 12884901888, 3
E0925 12:17:55.400305     114 gpu_cudamallocasync_allocator.cc:71] 25769017344, 1
E0925 12:17:55.400307     114 gpu_cudamallocasync_allocator.cc:104] CU_MEMPOOL_ATTR_RESERVED_MEM_CURRENT: 94858379264
E0925 12:17:55.400308     114 gpu_cudamallocasync_allocator.cc:106] CU_MEMPOOL_ATTR_USED_MEM_CURRENT: 85364801864
E0925 12:17:55.400309     114 gpu_cudamallocasync_allocator.cc:107] CU_MEMPOOL_ATTR_RESERVED_MEM_HIGH: 94858379264
E0925 12:17:55.400309     114 gpu_cudamallocasync_allocator.cc:108] CU_MEMPOOL_ATTR_USED_MEM_HIGH: 85364801864
FAIL nside=8192 spin=2 JaxRuntimeError: RESOURCE_EXHAUSTED: Out of memory while trying to allocate 16.00GiB.
Traceback (most recent call last):
  File "/scratch/scratch-lxu/agent_dev/auto_research_agent/GMaster/benchmarks/independent/bench_act_warm.py", line 104, in main
    one(nside, spin, engine, cores)
  File "/scratch/scratch-lxu/agent_dev/auto_research_agent/GMaster/benchmarks/independent/bench_act_warm.py", line 82, in one
    once()
  File "/scratch/scratch-lxu/agent_dev/auto_research_agent/GMaster/benchmarks/independent/bench_act_warm.py", line 71, in once
    field = nmt.NmtField(mask, maps, n_iter=3, spin=spin) if spin else nmt.NmtField(mask, maps, n_iter=3)
            ^^^^^^^^^^^^^^^^^^^^^^^^^^^^^^^^^^^^^^^^^^^^^
  File "/scratch/scratch-lxu/agent_dev/auto_research_agent/GMaster/gmaster/field.py", line 225, in __init__
    self.alm = map2alm(
               ^^^^^^^^
  File "/scratch/scratch-lxu/agent_dev/auto_research_agent/GMaster/gmaster/utils.py", line 3075, in map2alm
    return _map2alm_core_multi_gpu(
           ^^^^^^^^^^^^^^^^^^^^^^^^
  File "/scratch/scratch-lxu/agent_dev/auto_research_agent/GMaster/gmaster/utils.py", line 2976, in _map2alm_core_multi_gpu
    alm -= _map2alm_once_multi_gpu(
           ^^^^^^^^^^^^^^^^^^^^^^^^
  File "/scratch/scratch-lxu/agent_dev/auto_research_agent/GMaster/gmaster/utils.py", line 2938, in _map2alm_once_multi_gpu
    plus = _forward_s2fft_multi_gpu(
           ^^^^^^^^^^^^^^^^^^^^^^^^^
  File "/scratch/scratch-lxu/agent_dev/auto_research_agent/GMaster/gmaster/utils.py", line 1788, in _forward_s2fft_multi_gpu
    ftm = _copy_to_device(ftm, secondary)
          ^^^^^^^^^^^^^^^^^^^^^^^^^^^^^^^
  File "/scratch/scratch-lxu/agent_dev/auto_research_agent/GMaster/gmaster/utils.py", line 849, in _copy_to_device
    copied.block_until_ready()
jax.errors.JaxRuntimeError: RESOURCE_EXHAUSTED: Out of memory while trying to allocate 16.00GiB.
RESTART5 gmaster 8192 spin2 host-staged copy
PARTITION=root
HOST_DENIED cpu 64
STAGE field
W0925 12:32:09.112058     114 hlo_rematerialization.cc:3233] Can't reduce memory use below 56.26GiB (60408218254 bytes) by rematerialization; only reduced to 63.93GiB (68649881612 bytes), down from 63.93GiB (68649881612 bytes) originally
E0925 12:34:29.236244     114 cuda_executor.cc:1206] [0] Failed to allocate device memory: INTERNAL: [0] Failed to allocate 16.00GiB (17180416008 bytes) of device memory: : CUDA_ERROR_OUT_OF_MEMORY: out of memory
FAIL nside=8192 spin=2 JaxRuntimeError: RESOURCE_EXHAUSTED: Failed to allocate request for 16.00GiB (17180416008B) on device ordinal 0
Traceback (most recent call last):
  File "/scratch/scratch-lxu/agent_dev/auto_research_agent/GMaster/benchmarks/independent/bench_act_warm.py", line 104, in main
    one(nside, spin, engine, cores)
  File "/scratch/scratch-lxu/agent_dev/auto_research_agent/GMaster/benchmarks/independent/bench_act_warm.py", line 82, in one
    once()
  File "/scratch/scratch-lxu/agent_dev/auto_research_agent/GMaster/benchmarks/independent/bench_act_warm.py", line 71, in once
    field = nmt.NmtField(mask, maps, n_iter=3, spin=spin) if spin else nmt.NmtField(mask, maps, n_iter=3)
            ^^^^^^^^^^^^^^^^^^^^^^^^^^^^^^^^^^^^^^^^^^^^^
  File "/scratch/scratch-lxu/agent_dev/auto_research_agent/GMaster/gmaster/field.py", line 225, in __init__
    self.alm = map2alm(
               ^^^^^^^^
  File "/scratch/scratch-lxu/agent_dev/auto_research_agent/GMaster/gmaster/utils.py", line 3077, in map2alm
    return _map2alm_core_multi_gpu(
           ^^^^^^^^^^^^^^^^^^^^^^^^
  File "/scratch/scratch-lxu/agent_dev/auto_research_agent/GMaster/gmaster/utils.py", line 2978, in _map2alm_core_multi_gpu
    alm -= _map2alm_once_multi_gpu(
           ^^^^^^^^^^^^^^^^^^^^^^^^
  File "/scratch/scratch-lxu/agent_dev/auto_research_agent/GMaster/gmaster/utils.py", line 2940, in _map2alm_once_multi_gpu
    plus = _forward_s2fft_multi_gpu(
           ^^^^^^^^^^^^^^^^^^^^^^^^^
  File "/scratch/scratch-lxu/agent_dev/auto_research_agent/GMaster/gmaster/utils.py", line 1790, in _forward_s2fft_multi_gpu
    ftm = _copy_to_device(ftm, secondary)
          ^^^^^^^^^^^^^^^^^^^^^^^^^^^^^^^
  File "/scratch/scratch-lxu/agent_dev/auto_research_agent/GMaster/gmaster/utils.py", line 849, in _copy_to_device
    array.block_until_ready()
jax.errors.JaxRuntimeError: RESOURCE_EXHAUSTED: Failed to allocate request for 16.00GiB (17180416008B) on device ordinal 0
RESTART6 gmaster 8192 spin2 fft on second gpu
PARTITION=root
HOST_DENIED cpu 64
STAGE field
W0925 12:40:34.829715     114 hlo_rematerialization.cc:3233] Can't reduce memory use below 56.26GiB (60408218254 bytes) by rematerialization; only reduced to 63.93GiB (68649881612 bytes), down from 63.93GiB (68649881612 bytes) originally
E0925 12:43:08.392459     114 cuda_executor.cc:1206] [0] Failed to allocate device memory: INTERNAL: [0] Failed to allocate 4.50GiB (4832034816 bytes) of device memory: : CUDA_ERROR_OUT_OF_MEMORY: out of memory
FAIL nside=8192 spin=2 JaxRuntimeError: RESOURCE_EXHAUSTED: Failed to allocate request for 4.50GiB (4832034816B) on device ordinal 0
Traceback (most recent call last):
  File "/scratch/scratch-lxu/agent_dev/auto_research_agent/GMaster/benchmarks/independent/bench_act_warm.py", line 104, in main
    one(nside, spin, engine, cores)
  File "/scratch/scratch-lxu/agent_dev/auto_research_agent/GMaster/benchmarks/independent/bench_act_warm.py", line 82, in one
    once()
  File "/scratch/scratch-lxu/agent_dev/auto_research_agent/GMaster/benchmarks/independent/bench_act_warm.py", line 71, in once
    field = nmt.NmtField(mask, maps, n_iter=3, spin=spin) if spin else nmt.NmtField(mask, maps, n_iter=3)
            ^^^^^^^^^^^^^^^^^^^^^^^^^^^^^^^^^^^^^^^^^^^^^
  File "/scratch/scratch-lxu/agent_dev/auto_research_agent/GMaster/gmaster/field.py", line 225, in __init__
    self.alm = map2alm(
               ^^^^^^^^
  File "/scratch/scratch-lxu/agent_dev/auto_research_agent/GMaster/gmaster/utils.py", line 3080, in map2alm
    return _map2alm_core_multi_gpu(
           ^^^^^^^^^^^^^^^^^^^^^^^^
  File "/scratch/scratch-lxu/agent_dev/auto_research_agent/GMaster/gmaster/utils.py", line 2981, in _map2alm_core_multi_gpu
    alm -= _map2alm_once_multi_gpu(
           ^^^^^^^^^^^^^^^^^^^^^^^^
  File "/scratch/scratch-lxu/agent_dev/auto_research_agent/GMaster/gmaster/utils.py", line 2955, in _map2alm_once_multi_gpu
    alm.block_until_ready()
jax.errors.JaxRuntimeError: RESOURCE_EXHAUSTED: Failed to allocate request for 4.50GiB (4832034816B) on device ordinal 0
RESTART7 gmaster 8192 spin2 gather on second gpu
PARTITION=root
HOST_DENIED cpu 64
STAGE field
W0925 12:49:21.140078     114 hlo_rematerialization.cc:3233] Can't reduce memory use below 56.26GiB (60408218254 bytes) by rematerialization; only reduced to 63.93GiB (68649881612 bytes), down from 63.93GiB (68649881612 bytes) originally
STAGE coupling
FAIL nside=8192 spin=2 TypeError: mul got incompatible shapes for broadcasting: (7198, 32767), (24576, 32767).
Traceback (most recent call last):
  File "/scratch/scratch-lxu/agent_dev/auto_research_agent/GMaster/benchmarks/independent/bench_act_warm.py", line 104, in main
    one(nside, spin, engine, cores)
  File "/scratch/scratch-lxu/agent_dev/auto_research_agent/GMaster/benchmarks/independent/bench_act_warm.py", line 82, in one
    once()
  File "/scratch/scratch-lxu/agent_dev/auto_research_agent/GMaster/benchmarks/independent/bench_act_warm.py", line 76, in once
    work.compute_coupling_matrix(field, field, bins)
  File "/scratch/scratch-lxu/agent_dev/auto_research_agent/GMaster/gmaster/workspaces.py", line 1507, in compute_coupling_matrix
    jax.block_until_ready(fl1.get_mask_alms())
                          ^^^^^^^^^^^^^^^^^^^
  File "/scratch/scratch-lxu/agent_dev/auto_research_agent/GMaster/gmaster/field.py", line 278, in get_mask_alms
    alms = map2alm(
           ^^^^^^^^
  File "/scratch/scratch-lxu/agent_dev/auto_research_agent/GMaster/gmaster/utils.py", line 3043, in map2alm
    return _map2alm_core_pallas_multi_gpu(
           ^^^^^^^^^^^^^^^^^^^^^^^^^^^^^^^
  File "/scratch/scratch-lxu/agent_dev/auto_research_agent/GMaster/gmaster/utils.py", line 2909, in _map2alm_core_pallas_multi_gpu
    alm = _map2alm_once_pallas_multi_gpu(
          ^^^^^^^^^^^^^^^^^^^^^^^^^^^^^^^
  File "/scratch/scratch-lxu/agent_dev/auto_research_agent/GMaster/gmaster/utils.py", line 2857, in _map2alm_once_pallas_multi_gpu
    low, high = low_future.result(), high_future.result()
                ^^^^^^^^^^^^^^^^^^^
  File "/usr/lib/python3.12/concurrent/futures/_base.py", line 456, in result
    return self.__get_result()
           ^^^^^^^^^^^^^^^^^^^
  File "/usr/lib/python3.12/concurrent/futures/_base.py", line 401, in __get_result
    raise self._exception
  File "/usr/lib/python3.12/concurrent/futures/thread.py", line 58, in run
    result = self.fn(*self.args, **self.kwargs)
             ^^^^^^^^^^^^^^^^^^^^^^^^^^^^^^^^^^
  File "/scratch/scratch-lxu/agent_dev/auto_research_agent/GMaster/gmaster/utils.py", line 856, in _run_blocking
    result = transform(array)
             ^^^^^^^^^^^^^^^^
  File "/scratch/scratch-lxu/agent_dev/auto_research_agent/GMaster/gmaster/utils.py", line 2832, in low_transform
    return _fused_forward_sht(
           ^^^^^^^^^^^^^^^^^^^
  File "/scratch/scratch-lxu/agent_dev/auto_research_agent/GMaster/gmaster/utils.py", line 1021, in _fused_forward_sht
    return _spin_march.forward_latitudinal_positive(
           ^^^^^^^^^^^^^^^^^^^^^^^^^^^^^^^^^^^^^^^^^
  File "/scratch/scratch-lxu/agent_dev/auto_research_agent/GMaster/gmaster/_spin_march_pallas.py", line 850, in forward_latitudinal_positive
    return _march_v2.forward_latitudinal_positive(positive, weights, phase, L=L, nside=nside)
           ^^^^^^^^^^^^^^^^^^^^^^^^^^^^^^^^^^^^^^^^^^^^^^^^^^^^^^^^^^^^^^^^^^^^^^^^^^^^^^^^^^
  File "/scratch/scratch-lxu/agent_dev/auto_research_agent/GMaster/gmaster/_march_v2.py", line 705, in forward_latitudinal_positive
    return _forward_fold_impl(positive, weights, phase, geo_arrays(L, nside, 0),
           ^^^^^^^^^^^^^^^^^^^^^^^^^^^^^^^^^^^^^^^^^^^^^^^^^^^^^^^^^^^^^^^^^^^^^
  File "/scratch/scratch-lxu/agent_dev/auto_research_agent/GMaster/gmaster/_march_v2.py", line 680, in _forward_fold_impl
    return _fold_analyze([positive], weights, phase, garr, tabs, L=L, nside=nside)[0]
           ^^^^^^^^^^^^^^^^^^^^^^^^^^^^^^^^^^^^^^^^^^^^^^^^^^^^^^^^^^^^^^^^^^^^^^^
  File "/scratch/scratch-lxu/agent_dev/auto_research_agent/GMaster/gmaster/_march_v2.py", line 649, in _fold_analyze
    rhs_all = _fold_rhs(positives, weights, phase, geo, L)
              ^^^^^^^^^^^^^^^^^^^^^^^^^^^^^^^^^^^^^^^^^^^^
  File "/scratch/scratch-lxu/agent_dev/auto_research_agent/GMaster/gmaster/_march_v2.py", line 632, in _fold_rhs
    folded = jnp.asarray(positive).T * jnp.asarray(weights)[None, :] * p2phi   # (L, ntheta)
             ~~~~~~~~~~~~~~~~~~~~~~~~~~~~~~~~~~~~~~~~~~~~~~~~~~~~~~~~^~~~~~~
  File "/scratch/scratch-lxu/venv/cmbagent_env/lib/python3.12/site-packages/jax/_src/numpy/array_methods.py", line 1467, in op
    return getattr(self.aval, f"_{name}")(self, *args)
           ^^^^^^^^^^^^^^^^^^^^^^^^^^^^^^^^^^^^^^^^^^^
  File "/scratch/scratch-lxu/venv/cmbagent_env/lib/python3.12/site-packages/jax/_src/numpy/array_methods.py", line 763, in _operator_mul
    return ufuncs.multiply(self, cast(ArrayLike, other))
           ^^^^^^^^^^^^^^^^^^^^^^^^^^^^^^^^^^^^^^^^^^^^^
  File "/scratch/scratch-lxu/venv/cmbagent_env/lib/python3.12/site-packages/jax/_src/numpy/ufunc_api.py", line 182, in __call__
    return call(*args)
           ^^^^^^^^^^^
  File "/scratch/scratch-lxu/venv/cmbagent_env/lib/python3.12/site-packages/jax/_src/numpy/ufuncs.py", line 1281, in multiply
    return lax.mul(x, y) if x.dtype != bool else lax.bitwise_and(x, y)
           ^^^^^^^^^^^^^
TypeError: mul got incompatible shapes for broadcasting: (7198, 32767), (24576, 32767).
--------------------
For simplicity, JAX has removed its internal frames from the traceback of the following exception. Set JAX_TRACEBACK_FILTERING=off to include these.
RESTART8 gmaster 8192 spin2 mask slice skips fold
PARTITION=root
HOST_DENIED cpu 64
STAGE field
W0925 14:34:36.048708     114 hlo_rematerialization.cc:3233] Can't reduce memory use below 56.26GiB (60408218254 bytes) by rematerialization; only reduced to 63.93GiB (68649881612 bytes), down from 63.93GiB (68649881612 bytes) originally
STAGE coupling
E0925 14:40:42.552749     114 cuda_executor.cc:1206] [0] Failed to allocate device memory: INTERNAL: [0] Failed to allocate 8.00GiB (8588886016 bytes) of device memory: : CUDA_ERROR_OUT_OF_MEMORY: out of memory
FAIL nside=8192 spin=2 JaxRuntimeError: RESOURCE_EXHAUSTED: Failed to allocate request for 8.00GiB (8588886016B) on device ordinal 0
Traceback (most recent call last):
  File "/scratch/scratch-lxu/agent_dev/auto_research_agent/GMaster/benchmarks/independent/bench_act_warm.py", line 104, in main
    one(nside, spin, engine, cores)
  File "/scratch/scratch-lxu/agent_dev/auto_research_agent/GMaster/benchmarks/independent/bench_act_warm.py", line 82, in one
    once()
  File "/scratch/scratch-lxu/agent_dev/auto_research_agent/GMaster/benchmarks/independent/bench_act_warm.py", line 76, in once
    work.compute_coupling_matrix(field, field, bins)
  File "/scratch/scratch-lxu/agent_dev/auto_research_agent/GMaster/gmaster/workspaces.py", line 1507, in compute_coupling_matrix
    jax.block_until_ready(fl1.get_mask_alms())
                          ^^^^^^^^^^^^^^^^^^^
  File "/scratch/scratch-lxu/agent_dev/auto_research_agent/GMaster/gmaster/field.py", line 278, in get_mask_alms
    alms = map2alm(
           ^^^^^^^^
  File "/scratch/scratch-lxu/agent_dev/auto_research_agent/GMaster/gmaster/utils.py", line 3046, in map2alm
    return _map2alm_core_pallas_multi_gpu(
           ^^^^^^^^^^^^^^^^^^^^^^^^^^^^^^^
  File "/scratch/scratch-lxu/agent_dev/auto_research_agent/GMaster/gmaster/utils.py", line 2922, in _map2alm_core_pallas_multi_gpu
    alm -= _map2alm_once_pallas_multi_gpu(
           ^^^^^^^^^^^^^^^^^^^^^^^^^^^^^^^
  File "/scratch/scratch-lxu/agent_dev/auto_research_agent/GMaster/gmaster/utils.py", line 2827, in _map2alm_once_pallas_multi_gpu
    high_input = _copy_to_device(positive[:, split:], secondary)
                 ^^^^^^^^^^^^^^^^^^^^^^^^^^^^^^^^^^^^^^^^^^^^^^^
  File "/scratch/scratch-lxu/agent_dev/auto_research_agent/GMaster/gmaster/utils.py", line 849, in _copy_to_device
    array.block_until_ready()
jax.errors.JaxRuntimeError: RESOURCE_EXHAUSTED: Failed to allocate request for 8.00GiB (8588886016B) on device ordinal 0
RESTART9 gmaster 8192 spin2 mask halves stay on one gpu
PARTITION=root
HOST_DENIED cpu 64
STAGE field
W0925 14:48:54.865940     116 hlo_rematerialization.cc:3233] Can't reduce memory use below 56.26GiB (60408218254 bytes) by rematerialization; only reduced to 63.93GiB (68649881612 bytes), down from 63.93GiB (68649881612 bytes) originally
STAGE coupling
E0925 14:55:54.031433     116 cuda_executor.cc:1206] [0] Failed to allocate device memory: INTERNAL: [0] Failed to allocate 11.67GiB (12528239864 bytes) of device memory: : CUDA_ERROR_OUT_OF_MEMORY: out of memory
FAIL nside=8192 spin=2 JaxRuntimeError: RESOURCE_EXHAUSTED: Failed to allocate request for 11.67GiB (12528239864B) on device ordinal 0
Traceback (most recent call last):
  File "/scratch/scratch-lxu/agent_dev/auto_research_agent/GMaster/benchmarks/independent/bench_act_warm.py", line 104, in main
    one(nside, spin, engine, cores)
  File "/scratch/scratch-lxu/agent_dev/auto_research_agent/GMaster/benchmarks/independent/bench_act_warm.py", line 82, in one
    once()
  File "/scratch/scratch-lxu/agent_dev/auto_research_agent/GMaster/benchmarks/independent/bench_act_warm.py", line 76, in once
    work.compute_coupling_matrix(field, field, bins)
  File "/scratch/scratch-lxu/agent_dev/auto_research_agent/GMaster/gmaster/workspaces.py", line 1507, in compute_coupling_matrix
    jax.block_until_ready(fl1.get_mask_alms())
                          ^^^^^^^^^^^^^^^^^^^
  File "/scratch/scratch-lxu/agent_dev/auto_research_agent/GMaster/gmaster/field.py", line 278, in get_mask_alms
    alms = map2alm(
           ^^^^^^^^
  File "/scratch/scratch-lxu/agent_dev/auto_research_agent/GMaster/gmaster/utils.py", line 3034, in map2alm
    return _map2alm_core_pallas_multi_gpu(
           ^^^^^^^^^^^^^^^^^^^^^^^^^^^^^^^
  File "/scratch/scratch-lxu/agent_dev/auto_research_agent/GMaster/gmaster/utils.py", line 2905, in _map2alm_core_pallas_multi_gpu
    _alm2map_core_pallas_multi_gpu(
  File "/scratch/scratch-lxu/agent_dev/auto_research_agent/GMaster/gmaster/utils.py", line 2891, in _alm2map_core_pallas_multi_gpu
    high = _run_blocking(high_transform, positive[:, split:])
           ^^^^^^^^^^^^^^^^^^^^^^^^^^^^^^^^^^^^^^^^^^^^^^^^^^
  File "/scratch/scratch-lxu/agent_dev/auto_research_agent/GMaster/gmaster/utils.py", line 857, in _run_blocking
    result.block_until_ready()
jax.errors.JaxRuntimeError: RESOURCE_EXHAUSTED: Failed to allocate request for 11.67GiB (12528239864B) on device ordinal 0
RESTART10 gmaster 8192 spin2 drop mask spectra before inverse
PARTITION=root
HOST_DENIED cpu 64
STAGE field
W0925 15:04:12.061518     115 hlo_rematerialization.cc:3233] Can't reduce memory use below 56.26GiB (60408218254 bytes) by rematerialization; only reduced to 63.93GiB (68649881612 bytes), down from 63.93GiB (68649881612 bytes) originally
STAGE coupling
E0925 15:11:55.075126     115 cuda_executor.cc:1206] [0] Failed to allocate device memory: INTERNAL: [0] Failed to allocate 8.00GiB (8588886016 bytes) of device memory: : CUDA_ERROR_OUT_OF_MEMORY: out of memory
FAIL nside=8192 spin=2 JaxRuntimeError: RESOURCE_EXHAUSTED: Failed to allocate request for 8.00GiB (8588886016B) on device ordinal 0
Traceback (most recent call last):
  File "/scratch/scratch-lxu/agent_dev/auto_research_agent/GMaster/benchmarks/independent/bench_act_warm.py", line 104, in main
    one(nside, spin, engine, cores)
  File "/scratch/scratch-lxu/agent_dev/auto_research_agent/GMaster/benchmarks/independent/bench_act_warm.py", line 82, in one
    once()
  File "/scratch/scratch-lxu/agent_dev/auto_research_agent/GMaster/benchmarks/independent/bench_act_warm.py", line 76, in once
    work.compute_coupling_matrix(field, field, bins)
  File "/scratch/scratch-lxu/agent_dev/auto_research_agent/GMaster/gmaster/workspaces.py", line 1507, in compute_coupling_matrix
    jax.block_until_ready(fl1.get_mask_alms())
                          ^^^^^^^^^^^^^^^^^^^
  File "/scratch/scratch-lxu/agent_dev/auto_research_agent/GMaster/gmaster/field.py", line 278, in get_mask_alms
    alms = map2alm(
           ^^^^^^^^
  File "/scratch/scratch-lxu/agent_dev/auto_research_agent/GMaster/gmaster/utils.py", line 3045, in map2alm
    return _map2alm_core_pallas_multi_gpu(
           ^^^^^^^^^^^^^^^^^^^^^^^^^^^^^^^
  File "/scratch/scratch-lxu/agent_dev/auto_research_agent/GMaster/gmaster/utils.py", line 2921, in _map2alm_core_pallas_multi_gpu
    alm -= _map2alm_once_pallas_multi_gpu(
           ^^^^^^^^^^^^^^^^^^^^^^^^^^^^^^^
  File "/scratch/scratch-lxu/agent_dev/auto_research_agent/GMaster/gmaster/utils.py", line 2826, in _map2alm_once_pallas_multi_gpu
    positive.block_until_ready()
jax.errors.JaxRuntimeError: RESOURCE_EXHAUSTED: Failed to allocate request for 8.00GiB (8588886016B) on device ordinal 0
RESTART11 gmaster 8192 spin2 mask on the other gpu
PARTITION=root
HOST_DENIED cpu 64
STAGE field
W0925 15:19:26.962511     115 hlo_rematerialization.cc:3233] Can't reduce memory use below 56.26GiB (60408218254 bytes) by rematerialization; only reduced to 63.93GiB (68649881612 bytes), down from 63.93GiB (68649881612 bytes) originally
STAGE coupling
E0925 15:27:11.624723     115 cuda_executor.cc:1206] [1] Failed to allocate device memory: INTERNAL: [1] Failed to allocate 8.00GiB (8588886016 bytes) of device memory: : CUDA_ERROR_OUT_OF_MEMORY: out of memory
FAIL nside=8192 spin=2 JaxRuntimeError: RESOURCE_EXHAUSTED: Failed to allocate request for 8.00GiB (8588886016B) on device ordinal 1
Traceback (most recent call last):
  File "/scratch/scratch-lxu/agent_dev/auto_research_agent/GMaster/benchmarks/independent/bench_act_warm.py", line 104, in main
    one(nside, spin, engine, cores)
  File "/scratch/scratch-lxu/agent_dev/auto_research_agent/GMaster/benchmarks/independent/bench_act_warm.py", line 82, in one
    once()
  File "/scratch/scratch-lxu/agent_dev/auto_research_agent/GMaster/benchmarks/independent/bench_act_warm.py", line 76, in once
    work.compute_coupling_matrix(field, field, bins)
  File "/scratch/scratch-lxu/agent_dev/auto_research_agent/GMaster/gmaster/workspaces.py", line 1507, in compute_coupling_matrix
    jax.block_until_ready(fl1.get_mask_alms())
                          ^^^^^^^^^^^^^^^^^^^
  File "/scratch/scratch-lxu/agent_dev/auto_research_agent/GMaster/gmaster/field.py", line 278, in get_mask_alms
    alms = map2alm(
           ^^^^^^^^
  File "/scratch/scratch-lxu/agent_dev/auto_research_agent/GMaster/gmaster/utils.py", line 3048, in map2alm
    return _map2alm_core_pallas_multi_gpu(
           ^^^^^^^^^^^^^^^^^^^^^^^^^^^^^^^
  File "/scratch/scratch-lxu/agent_dev/auto_research_agent/GMaster/gmaster/utils.py", line 2924, in _map2alm_core_pallas_multi_gpu
    alm -= _map2alm_once_pallas_multi_gpu(
           ^^^^^^^^^^^^^^^^^^^^^^^^^^^^^^^
  File "/scratch/scratch-lxu/agent_dev/auto_research_agent/GMaster/gmaster/utils.py", line 2828, in _map2alm_once_pallas_multi_gpu
    positive.block_until_ready()
jax.errors.JaxRuntimeError: RESOURCE_EXHAUSTED: Failed to allocate request for 8.00GiB (8588886016B) on device ordinal 1
RESTART12 gmaster 8192 spin2 drop inverse before next fft
PARTITION=root
HOST_DENIED cpu 64
STAGE field
W0925 15:35:56.435252     116 hlo_rematerialization.cc:3233] Can't reduce memory use below 56.26GiB (60408218254 bytes) by rematerialization; only reduced to 63.93GiB (68649881612 bytes), down from 63.93GiB (68649881612 bytes) originally
STAGE coupling
E0925 15:43:40.140677     116 cuda_executor.cc:1206] [1] Failed to allocate device memory: INTERNAL: [1] Failed to allocate 8.00GiB (8588886016 bytes) of device memory: : CUDA_ERROR_OUT_OF_MEMORY: out of memory
FAIL nside=8192 spin=2 JaxRuntimeError: RESOURCE_EXHAUSTED: Failed to allocate request for 8.00GiB (8588886016B) on device ordinal 1
Traceback (most recent call last):
  File "/scratch/scratch-lxu/agent_dev/auto_research_agent/GMaster/benchmarks/independent/bench_act_warm.py", line 104, in main
    one(nside, spin, engine, cores)
  File "/scratch/scratch-lxu/agent_dev/auto_research_agent/GMaster/benchmarks/independent/bench_act_warm.py", line 82, in one
    once()
  File "/scratch/scratch-lxu/agent_dev/auto_research_agent/GMaster/benchmarks/independent/bench_act_warm.py", line 76, in once
    work.compute_coupling_matrix(field, field, bins)
  File "/scratch/scratch-lxu/agent_dev/auto_research_agent/GMaster/gmaster/workspaces.py", line 1507, in compute_coupling_matrix
    jax.block_until_ready(fl1.get_mask_alms())
                          ^^^^^^^^^^^^^^^^^^^
  File "/scratch/scratch-lxu/agent_dev/auto_research_agent/GMaster/gmaster/field.py", line 278, in get_mask_alms
    alms = map2alm(
           ^^^^^^^^
  File "/scratch/scratch-lxu/agent_dev/auto_research_agent/GMaster/gmaster/utils.py", line 3056, in map2alm
    return _map2alm_core_pallas_multi_gpu(
           ^^^^^^^^^^^^^^^^^^^^^^^^^^^^^^^
  File "/scratch/scratch-lxu/agent_dev/auto_research_agent/GMaster/gmaster/utils.py", line 2924, in _map2alm_core_pallas_multi_gpu
    synthed = _alm2map_core_pallas_multi_gpu(
              ^^^^^^^^^^^^^^^^^^^^^^^^^^^^^^^
  File "/scratch/scratch-lxu/agent_dev/auto_research_agent/GMaster/gmaster/utils.py", line 2910, in _alm2map_core_pallas_multi_gpu
    owned.block_until_ready()
jax.errors.JaxRuntimeError: RESOURCE_EXHAUSTED: Failed to allocate request for 8.00GiB (8588886016B) on device ordinal 1
RESTART13 gmaster 8192 spin2 park spin alm before mask
PARTITION=root
HOST_DENIED cpu 64
STAGE field
W0925 15:51:49.660277     115 hlo_rematerialization.cc:3233] Can't reduce memory use below 56.26GiB (60408218254 bytes) by rematerialization; only reduced to 63.93GiB (68649881612 bytes), down from 63.93GiB (68649881612 bytes) originally
STAGE coupling
E0925 16:01:03.600257     115 cuda_executor.cc:1206] [1] Failed to allocate device memory: INTERNAL: [1] Failed to allocate 16.00GiB (17179344896 bytes) of device memory: : CUDA_ERROR_OUT_OF_MEMORY: out of memory
FAIL nside=8192 spin=2 JaxRuntimeError: RESOURCE_EXHAUSTED: Failed to allocate request for 16.00GiB (17179344896B) on device ordinal 1
Traceback (most recent call last):
  File "/scratch/scratch-lxu/agent_dev/auto_research_agent/GMaster/benchmarks/independent/bench_act_warm.py", line 104, in main
    one(nside, spin, engine, cores)
  File "/scratch/scratch-lxu/agent_dev/auto_research_agent/GMaster/benchmarks/independent/bench_act_warm.py", line 82, in one
    once()
  File "/scratch/scratch-lxu/agent_dev/auto_research_agent/GMaster/benchmarks/independent/bench_act_warm.py", line 76, in once
    work.compute_coupling_matrix(field, field, bins)
  File "/scratch/scratch-lxu/agent_dev/auto_research_agent/GMaster/gmaster/workspaces.py", line 1507, in compute_coupling_matrix
    jax.block_until_ready(fl1.get_mask_alms())
                          ^^^^^^^^^^^^^^^^^^^
  File "/scratch/scratch-lxu/agent_dev/auto_research_agent/GMaster/gmaster/field.py", line 283, in get_mask_alms
    alms = map2alm(
           ^^^^^^^^
  File "/scratch/scratch-lxu/agent_dev/auto_research_agent/GMaster/gmaster/utils.py", line 3050, in map2alm
    return _map2alm_core_pallas_multi_gpu(
           ^^^^^^^^^^^^^^^^^^^^^^^^^^^^^^^
  File "/scratch/scratch-lxu/agent_dev/auto_research_agent/GMaster/gmaster/utils.py", line 2922, in _map2alm_core_pallas_multi_gpu
    residual.block_until_ready()
jax.errors.JaxRuntimeError: RESOURCE_EXHAUSTED: Failed to allocate request for 16.00GiB (17179344896B) on device ordinal 1
RESTART14 gmaster 8192 spin2 parallel mask both gpus
PARTITION=root
HOST_DENIED cpu 64
STAGE field
W0925 16:10:12.733177     115 hlo_rematerialization.cc:3233] Can't reduce memory use below 56.26GiB (60408218254 bytes) by rematerialization; only reduced to 63.93GiB (68649881612 bytes), down from 63.93GiB (68649881612 bytes) originally
E0925 16:12:37.445766     115 cuda_executor.cc:1206] [1] Failed to allocate device memory: INTERNAL: [1] Failed to allocate 21.14GiB (22701461744 bytes) of device memory: : CUDA_ERROR_OUT_OF_MEMORY: out of memory
FAIL nside=8192 spin=2 JaxRuntimeError: RESOURCE_EXHAUSTED: Failed to allocate request for 21.14GiB (22701461744B) on device ordinal 1
Traceback (most recent call last):
  File "/scratch/scratch-lxu/agent_dev/auto_research_agent/GMaster/benchmarks/independent/bench_act_warm.py", line 104, in main
    one(nside, spin, engine, cores)
  File "/scratch/scratch-lxu/agent_dev/auto_research_agent/GMaster/benchmarks/independent/bench_act_warm.py", line 82, in one
    once()
  File "/scratch/scratch-lxu/agent_dev/auto_research_agent/GMaster/benchmarks/independent/bench_act_warm.py", line 71, in once
    field = nmt.NmtField(mask, maps, n_iter=3, spin=spin) if spin else nmt.NmtField(mask, maps, n_iter=3)
            ^^^^^^^^^^^^^^^^^^^^^^^^^^^^^^^^^^^^^^^^^^^^^
  File "/scratch/scratch-lxu/agent_dev/auto_research_agent/GMaster/gmaster/field.py", line 225, in __init__
    self.alm = map2alm(
               ^^^^^^^^
  File "/scratch/scratch-lxu/agent_dev/auto_research_agent/GMaster/gmaster/utils.py", line 3088, in map2alm
    return _map2alm_core_multi_gpu(
           ^^^^^^^^^^^^^^^^^^^^^^^^
  File "/scratch/scratch-lxu/agent_dev/auto_research_agent/GMaster/gmaster/utils.py", line 2989, in _map2alm_core_multi_gpu
    alm -= _map2alm_once_multi_gpu(
           ^^^^^^^^^^^^^^^^^^^^^^^^
  File "/scratch/scratch-lxu/agent_dev/auto_research_agent/GMaster/gmaster/utils.py", line 2951, in _map2alm_once_multi_gpu
    plus = _forward_s2fft_multi_gpu(
           ^^^^^^^^^^^^^^^^^^^^^^^^^
  File "/scratch/scratch-lxu/agent_dev/auto_research_agent/GMaster/gmaster/utils.py", line 1794, in _forward_s2fft_multi_gpu
    flm = _run_blocking(transform, ftm)
          ^^^^^^^^^^^^^^^^^^^^^^^^^^^^^
  File "/scratch/scratch-lxu/agent_dev/auto_research_agent/GMaster/gmaster/utils.py", line 857, in _run_blocking
    result.block_until_ready()
jax.errors.JaxRuntimeError: RESOURCE_EXHAUSTED: Failed to allocate request for 21.14GiB (22701461744B) on device ordinal 1
RESTART15 gmaster 8192 spin2 drop inverse before next forward
PARTITION=root
HOST_DENIED cpu 64
STAGE field
W0925 16:19:50.769597     115 hlo_rematerialization.cc:3233] Can't reduce memory use below 56.26GiB (60408218254 bytes) by rematerialization; only reduced to 63.93GiB (68649881612 bytes), down from 63.93GiB (68649881612 bytes) originally
E0925 16:22:10.581004     115 cuda_executor.cc:1206] [1] Failed to allocate device memory: INTERNAL: [1] Failed to allocate 21.14GiB (22701461744 bytes) of device memory: : CUDA_ERROR_OUT_OF_MEMORY: out of memory
FAIL nside=8192 spin=2 JaxRuntimeError: RESOURCE_EXHAUSTED: Failed to allocate request for 21.14GiB (22701461744B) on device ordinal 1
Traceback (most recent call last):
  File "/scratch/scratch-lxu/agent_dev/auto_research_agent/GMaster/benchmarks/independent/bench_act_warm.py", line 104, in main
    one(nside, spin, engine, cores)
  File "/scratch/scratch-lxu/agent_dev/auto_research_agent/GMaster/benchmarks/independent/bench_act_warm.py", line 82, in one
    once()
  File "/scratch/scratch-lxu/agent_dev/auto_research_agent/GMaster/benchmarks/independent/bench_act_warm.py", line 71, in once
    field = nmt.NmtField(mask, maps, n_iter=3, spin=spin) if spin else nmt.NmtField(mask, maps, n_iter=3)
            ^^^^^^^^^^^^^^^^^^^^^^^^^^^^^^^^^^^^^^^^^^^^^
  File "/scratch/scratch-lxu/agent_dev/auto_research_agent/GMaster/gmaster/field.py", line 225, in __init__
    self.alm = map2alm(
               ^^^^^^^^
  File "/scratch/scratch-lxu/agent_dev/auto_research_agent/GMaster/gmaster/utils.py", line 3092, in map2alm
    return _map2alm_core_multi_gpu(
           ^^^^^^^^^^^^^^^^^^^^^^^^
  File "/scratch/scratch-lxu/agent_dev/auto_research_agent/GMaster/gmaster/utils.py", line 2993, in _map2alm_core_multi_gpu
    alm -= _map2alm_once_multi_gpu(
           ^^^^^^^^^^^^^^^^^^^^^^^^
  File "/scratch/scratch-lxu/agent_dev/auto_research_agent/GMaster/gmaster/utils.py", line 2951, in _map2alm_once_multi_gpu
    plus = _forward_s2fft_multi_gpu(
           ^^^^^^^^^^^^^^^^^^^^^^^^^
  File "/scratch/scratch-lxu/agent_dev/auto_research_agent/GMaster/gmaster/utils.py", line 1794, in _forward_s2fft_multi_gpu
    flm = _run_blocking(transform, ftm)
          ^^^^^^^^^^^^^^^^^^^^^^^^^^^^^
  File "/scratch/scratch-lxu/agent_dev/auto_research_agent/GMaster/gmaster/utils.py", line 857, in _run_blocking
    result.block_until_ready()
jax.errors.JaxRuntimeError: RESOURCE_EXHAUSTED: Failed to allocate request for 21.14GiB (22701461744B) on device ordinal 1
RESTART16 gmaster 8192 spin2 empty the card before the next forward
PARTITION=root
HOST_DENIED cpu 64
STAGE field
W0925 16:29:31.495017     112 hlo_rematerialization.cc:3233] Can't reduce memory use below 56.26GiB (60408218254 bytes) by rematerialization; only reduced to 63.93GiB (68649881612 bytes), down from 63.93GiB (68649881612 bytes) originally
FAIL nside=8192 spin=2 AttributeError: 'numpy.ndarray' object has no attribute 'block_until_ready'
Traceback (most recent call last):
  File "/scratch/scratch-lxu/agent_dev/auto_research_agent/GMaster/benchmarks/independent/bench_act_warm.py", line 104, in main
    one(nside, spin, engine, cores)
  File "/scratch/scratch-lxu/agent_dev/auto_research_agent/GMaster/benchmarks/independent/bench_act_warm.py", line 82, in one
    once()
  File "/scratch/scratch-lxu/agent_dev/auto_research_agent/GMaster/benchmarks/independent/bench_act_warm.py", line 71, in once
    field = nmt.NmtField(mask, maps, n_iter=3, spin=spin) if spin else nmt.NmtField(mask, maps, n_iter=3)
            ^^^^^^^^^^^^^^^^^^^^^^^^^^^^^^^^^^^^^^^^^^^^^
  File "/scratch/scratch-lxu/agent_dev/auto_research_agent/GMaster/gmaster/field.py", line 225, in __init__
    self.alm = map2alm(
               ^^^^^^^^
  File "/scratch/scratch-lxu/agent_dev/auto_research_agent/GMaster/gmaster/utils.py", line 3100, in map2alm
    return _map2alm_core_multi_gpu(
           ^^^^^^^^^^^^^^^^^^^^^^^^
  File "/scratch/scratch-lxu/agent_dev/auto_research_agent/GMaster/gmaster/utils.py", line 2998, in _map2alm_core_multi_gpu
    delta = _map2alm_once_multi_gpu(
            ^^^^^^^^^^^^^^^^^^^^^^^^
  File "/scratch/scratch-lxu/agent_dev/auto_research_agent/GMaster/gmaster/utils.py", line 2953, in _map2alm_once_multi_gpu
    plus = _forward_s2fft_multi_gpu(
           ^^^^^^^^^^^^^^^^^^^^^^^^^
  File "/scratch/scratch-lxu/agent_dev/auto_research_agent/GMaster/gmaster/utils.py", line 1788, in _forward_s2fft_multi_gpu
    maps = _copy_to_device(maps, secondary)
           ^^^^^^^^^^^^^^^^^^^^^^^^^^^^^^^^
  File "/scratch/scratch-lxu/agent_dev/auto_research_agent/GMaster/gmaster/utils.py", line 850, in _copy_to_device
    array.block_until_ready()
    ^^^^^^^^^^^^^^^^^^^^^^^
AttributeError: 'numpy.ndarray' object has no attribute 'block_until_ready'
RESTART17 gmaster 8192 spin2 numpy device is cpu
PARTITION=root
HOST_DENIED cpu 64
STAGE field
RESTART18 gmaster 8192 spin2 spectrum stays on the other GPU
PARTITION=root
HOST_DENIED cpu 64
STAGE field
W0925 16:42:27.707668     113 hlo_rematerialization.cc:3233] Can't reduce memory use below 56.26GiB (60408218254 bytes) by rematerialization; only reduced to 63.93GiB (68649881612 bytes), down from 63.93GiB (68649881612 bytes) originally
STAGE coupling
E0925 16:48:24.930597     113 cuda_executor.cc:1206] [0] Failed to allocate device memory: INTERNAL: [0] Failed to allocate 8.00GiB (8588886016 bytes) of device memory: : CUDA_ERROR_OUT_OF_MEMORY: out of memory
FAIL nside=8192 spin=2 JaxRuntimeError: RESOURCE_EXHAUSTED: Failed to allocate request for 8.00GiB (8588886016B) on device ordinal 0
Traceback (most recent call last):
  File "/scratch/scratch-lxu/agent_dev/auto_research_agent/GMaster/benchmarks/independent/bench_act_warm.py", line 104, in main
    one(nside, spin, engine, cores)
  File "/scratch/scratch-lxu/agent_dev/auto_research_agent/GMaster/benchmarks/independent/bench_act_warm.py", line 82, in one
    once()
  File "/scratch/scratch-lxu/agent_dev/auto_research_agent/GMaster/benchmarks/independent/bench_act_warm.py", line 76, in once
    work.compute_coupling_matrix(field, field, bins)
  File "/scratch/scratch-lxu/agent_dev/auto_research_agent/GMaster/gmaster/workspaces.py", line 1507, in compute_coupling_matrix
    jax.block_until_ready(fl1.get_mask_alms())
                          ^^^^^^^^^^^^^^^^^^^
  File "/scratch/scratch-lxu/agent_dev/auto_research_agent/GMaster/gmaster/field.py", line 285, in get_mask_alms
    alms = map2alm(
           ^^^^^^^^
  File "/scratch/scratch-lxu/agent_dev/auto_research_agent/GMaster/gmaster/utils.py", line 3054, in map2alm
    return _map2alm_core_pallas_multi_gpu(
           ^^^^^^^^^^^^^^^^^^^^^^^^^^^^^^^
  File "/scratch/scratch-lxu/agent_dev/auto_research_agent/GMaster/gmaster/utils.py", line 2920, in _map2alm_core_pallas_multi_gpu
    alm -= _map2alm_once_pallas_multi_gpu(
           ^^^^^^^^^^^^^^^^^^^^^^^^^^^^^^^
  File "/scratch/scratch-lxu/agent_dev/auto_research_agent/GMaster/gmaster/utils.py", line 2825, in _map2alm_once_pallas_multi_gpu
    high_input = _copy_to_device(positive[:, split:], secondary)
                 ^^^^^^^^^^^^^^^^^^^^^^^^^^^^^^^^^^^^^^^^^^^^^^^
  File "/scratch/scratch-lxu/agent_dev/auto_research_agent/GMaster/gmaster/utils.py", line 847, in _copy_to_device
    array.block_until_ready()
jax.errors.JaxRuntimeError: RESOURCE_EXHAUSTED: Failed to allocate request for 8.00GiB (8588886016B) on device ordinal 0
RESTART19 gmaster 8192 spin2 drop mask FFT before the next slice
PARTITION=root
HOST_DENIED cpu 64
STAGE field
W0925 16:56:31.274378     114 hlo_rematerialization.cc:3233] Can't reduce memory use below 56.26GiB (60408218254 bytes) by rematerialization; only reduced to 63.93GiB (68649881612 bytes), down from 63.93GiB (68649881612 bytes) originally
STAGE coupling
E0925 17:02:42.947905     114 cuda_executor.cc:1206] [0] Failed to allocate device memory: INTERNAL: [0] Failed to allocate 8.00GiB (8588886016 bytes) of device memory: : CUDA_ERROR_OUT_OF_MEMORY: out of memory
FAIL nside=8192 spin=2 JaxRuntimeError: RESOURCE_EXHAUSTED: Failed to allocate request for 8.00GiB (8588886016B) on device ordinal 0
Traceback (most recent call last):
  File "/scratch/scratch-lxu/agent_dev/auto_research_agent/GMaster/benchmarks/independent/bench_act_warm.py", line 104, in main
    one(nside, spin, engine, cores)
  File "/scratch/scratch-lxu/agent_dev/auto_research_agent/GMaster/benchmarks/independent/bench_act_warm.py", line 82, in one
    once()
  File "/scratch/scratch-lxu/agent_dev/auto_research_agent/GMaster/benchmarks/independent/bench_act_warm.py", line 76, in once
    work.compute_coupling_matrix(field, field, bins)
  File "/scratch/scratch-lxu/agent_dev/auto_research_agent/GMaster/gmaster/workspaces.py", line 1507, in compute_coupling_matrix
    jax.block_until_ready(fl1.get_mask_alms())
                          ^^^^^^^^^^^^^^^^^^^
  File "/scratch/scratch-lxu/agent_dev/auto_research_agent/GMaster/gmaster/field.py", line 285, in get_mask_alms
    alms = map2alm(
           ^^^^^^^^
  File "/scratch/scratch-lxu/agent_dev/auto_research_agent/GMaster/gmaster/utils.py", line 3063, in map2alm
    return _map2alm_core_pallas_multi_gpu(
           ^^^^^^^^^^^^^^^^^^^^^^^^^^^^^^^
  File "/scratch/scratch-lxu/agent_dev/auto_research_agent/GMaster/gmaster/utils.py", line 2928, in _map2alm_core_pallas_multi_gpu
    alm = alm - _map2alm_once_pallas_multi_gpu(
                ^^^^^^^^^^^^^^^^^^^^^^^^^^^^^^^
  File "/scratch/scratch-lxu/agent_dev/auto_research_agent/GMaster/gmaster/utils.py", line 2825, in _map2alm_once_pallas_multi_gpu
    high_input = _copy_to_device(positive[:, split:], secondary)
                 ^^^^^^^^^^^^^^^^^^^^^^^^^^^^^^^^^^^^^^^^^^^^^^^
  File "/scratch/scratch-lxu/agent_dev/auto_research_agent/GMaster/gmaster/utils.py", line 847, in _copy_to_device
    array.block_until_ready()
jax.errors.JaxRuntimeError: RESOURCE_EXHAUSTED: Failed to allocate request for 8.00GiB (8588886016B) on device ordinal 0
RESTART20 gmaster 8192 spin2 mask on the empty gpu
PARTITION=root
HOST_DENIED cpu 64
STAGE field
W0925 17:13:34.252006     113 hlo_rematerialization.cc:3233] Can't reduce memory use below 56.26GiB (60408218254 bytes) by rematerialization; only reduced to 63.93GiB (68649881612 bytes), down from 63.93GiB (68649881612 bytes) originally
STAGE coupling
E0925 17:20:40.927982     113 cuda_executor.cc:1206] [1] Failed to allocate device memory: INTERNAL: [1] Failed to allocate 8.00GiB (8588886016 bytes) of device memory: : CUDA_ERROR_OUT_OF_MEMORY: out of memory
FAIL nside=8192 spin=2 JaxRuntimeError: RESOURCE_EXHAUSTED: Failed to allocate request for 8.00GiB (8588886016B) on device ordinal 1
Traceback (most recent call last):
  File "/scratch/scratch-lxu/agent_dev/auto_research_agent/GMaster/benchmarks/independent/bench_act_warm.py", line 104, in main
    one(nside, spin, engine, cores)
  File "/scratch/scratch-lxu/agent_dev/auto_research_agent/GMaster/benchmarks/independent/bench_act_warm.py", line 82, in one
    once()
  File "/scratch/scratch-lxu/agent_dev/auto_research_agent/GMaster/benchmarks/independent/bench_act_warm.py", line 76, in once
    work.compute_coupling_matrix(field, field, bins)
  File "/scratch/scratch-lxu/agent_dev/auto_research_agent/GMaster/gmaster/workspaces.py", line 1507, in compute_coupling_matrix
    jax.block_until_ready(fl1.get_mask_alms())
                          ^^^^^^^^^^^^^^^^^^^
  File "/scratch/scratch-lxu/agent_dev/auto_research_agent/GMaster/gmaster/field.py", line 284, in get_mask_alms
    alms = map2alm(
           ^^^^^^^^
  File "/scratch/scratch-lxu/agent_dev/auto_research_agent/GMaster/gmaster/utils.py", line 3088, in map2alm
    return _map2alm_core_pallas_multi_gpu(
           ^^^^^^^^^^^^^^^^^^^^^^^^^^^^^^^
  File "/scratch/scratch-lxu/agent_dev/auto_research_agent/GMaster/gmaster/utils.py", line 2953, in _map2alm_core_pallas_multi_gpu
    alm = alm - _map2alm_once_pallas_multi_gpu(
                ^^^^^^^^^^^^^^^^^^^^^^^^^^^^^^^
  File "/scratch/scratch-lxu/agent_dev/auto_research_agent/GMaster/gmaster/utils.py", line 2865, in _map2alm_once_pallas_multi_gpu
    low = _run_blocking(low_transform, positive[:, :split])
          ^^^^^^^^^^^^^^^^^^^^^^^^^^^^^^^^^^^^^^^^^^^^^^^^^
  File "/scratch/scratch-lxu/agent_dev/auto_research_agent/GMaster/gmaster/utils.py", line 855, in _run_blocking
    result.block_until_ready()
jax.errors.JaxRuntimeError: RESOURCE_EXHAUSTED: Failed to allocate request for 8.00GiB (8588886016B) on device ordinal 1
RESTART21 gmaster 8192 spin2 drop inverse before next mask forward
PARTITION=root
HOST_DENIED cpu 64
STAGE field
W0925 17:27:26.733480     114 hlo_rematerialization.cc:3233] Can't reduce memory use below 56.26GiB (60408218254 bytes) by rematerialization; only reduced to 63.93GiB (68649881612 bytes), down from 63.93GiB (68649881612 bytes) originally
STAGE coupling
E0925 17:34:32.627248     114 cuda_executor.cc:1206] [1] Failed to allocate device memory: INTERNAL: [1] Failed to allocate 8.00GiB (8588886016 bytes) of device memory: : CUDA_ERROR_OUT_OF_MEMORY: out of memory
FAIL nside=8192 spin=2 JaxRuntimeError: RESOURCE_EXHAUSTED: Failed to allocate request for 8.00GiB (8588886016B) on device ordinal 1
Traceback (most recent call last):
  File "/scratch/scratch-lxu/agent_dev/auto_research_agent/GMaster/benchmarks/independent/bench_act_warm.py", line 104, in main
    one(nside, spin, engine, cores)
  File "/scratch/scratch-lxu/agent_dev/auto_research_agent/GMaster/benchmarks/independent/bench_act_warm.py", line 82, in one
    once()
  File "/scratch/scratch-lxu/agent_dev/auto_research_agent/GMaster/benchmarks/independent/bench_act_warm.py", line 76, in once
    work.compute_coupling_matrix(field, field, bins)
  File "/scratch/scratch-lxu/agent_dev/auto_research_agent/GMaster/gmaster/workspaces.py", line 1507, in compute_coupling_matrix
    jax.block_until_ready(fl1.get_mask_alms())
                          ^^^^^^^^^^^^^^^^^^^
  File "/scratch/scratch-lxu/agent_dev/auto_research_agent/GMaster/gmaster/field.py", line 284, in get_mask_alms
    alms = map2alm(
           ^^^^^^^^
  File "/scratch/scratch-lxu/agent_dev/auto_research_agent/GMaster/gmaster/utils.py", line 3089, in map2alm
    return _map2alm_core_pallas_multi_gpu(
           ^^^^^^^^^^^^^^^^^^^^^^^^^^^^^^^
  File "/scratch/scratch-lxu/agent_dev/auto_research_agent/GMaster/gmaster/utils.py", line 2952, in _map2alm_core_pallas_multi_gpu
    residual.block_until_ready()
jax.errors.JaxRuntimeError: RESOURCE_EXHAUSTED: Failed to allocate request for 8.00GiB (8588886016B) on device ordinal 1
RESTART22 gmaster 8192 spin2 finish inverse before residual
PARTITION=root
HOST_DENIED cpu 64
STAGE field
W0925 17:41:46.487595     114 hlo_rematerialization.cc:3233] Can't reduce memory use below 56.26GiB (60408218254 bytes) by rematerialization; only reduced to 63.93GiB (68649881612 bytes), down from 63.93GiB (68649881612 bytes) originally
STAGE coupling
E0925 17:48:52.224627     114 cuda_executor.cc:1206] [1] Failed to allocate device memory: INTERNAL: [1] Failed to allocate 8.00GiB (8588886016 bytes) of device memory: : CUDA_ERROR_OUT_OF_MEMORY: out of memory
FAIL nside=8192 spin=2 JaxRuntimeError: RESOURCE_EXHAUSTED: Failed to allocate request for 8.00GiB (8588886016B) on device ordinal 1
Traceback (most recent call last):
  File "/scratch/scratch-lxu/agent_dev/auto_research_agent/GMaster/benchmarks/independent/bench_act_warm.py", line 104, in main
    one(nside, spin, engine, cores)
  File "/scratch/scratch-lxu/agent_dev/auto_research_agent/GMaster/benchmarks/independent/bench_act_warm.py", line 82, in one
    once()
  File "/scratch/scratch-lxu/agent_dev/auto_research_agent/GMaster/benchmarks/independent/bench_act_warm.py", line 76, in once
    work.compute_coupling_matrix(field, field, bins)
  File "/scratch/scratch-lxu/agent_dev/auto_research_agent/GMaster/gmaster/workspaces.py", line 1507, in compute_coupling_matrix
    jax.block_until_ready(fl1.get_mask_alms())
                          ^^^^^^^^^^^^^^^^^^^
  File "/scratch/scratch-lxu/agent_dev/auto_research_agent/GMaster/gmaster/field.py", line 284, in get_mask_alms
    alms = map2alm(
           ^^^^^^^^
  File "/scratch/scratch-lxu/agent_dev/auto_research_agent/GMaster/gmaster/utils.py", line 3093, in map2alm
    return _map2alm_core_pallas_multi_gpu(
           ^^^^^^^^^^^^^^^^^^^^^^^^^^^^^^^
  File "/scratch/scratch-lxu/agent_dev/auto_research_agent/GMaster/gmaster/utils.py", line 2952, in _map2alm_core_pallas_multi_gpu
    synthed = _alm2map_core_pallas_multi_gpu(
              ^^^^^^^^^^^^^^^^^^^^^^^^^^^^^^^
  File "/scratch/scratch-lxu/agent_dev/auto_research_agent/GMaster/gmaster/utils.py", line 2938, in _alm2map_core_pallas_multi_gpu
    out.block_until_ready()
jax.errors.JaxRuntimeError: RESOURCE_EXHAUSTED: Failed to allocate request for 8.00GiB (8588886016B) on device ordinal 1
RESTART23 gmaster 8192 spin2 drop inverse halves before finish
PARTITION=root
HOST_DENIED cpu 64
STAGE field
W0925 17:55:29.057951     114 hlo_rematerialization.cc:3233] Can't reduce memory use below 56.26GiB (60408218254 bytes) by rematerialization; only reduced to 63.93GiB (68649881612 bytes), down from 63.93GiB (68649881612 bytes) originally
STAGE coupling
E0925 18:02:34.974798     114 cuda_executor.cc:1206] [1] Failed to allocate device memory: INTERNAL: [1] Failed to allocate 8.00GiB (8588886016 bytes) of device memory: : CUDA_ERROR_OUT_OF_MEMORY: out of memory
E0925 18:02:34.974819     114 cuda_fft.cc:272] Failed to allocate work area.
F0925 18:02:34.974821     114 cuda_fft.cc:346] Failed to update custom allocator for cufft plan: Failed to allocate request for 8.00GiB (8588886016B) on device ordinal 1
*** Check failure stack trace: ***
    @     0x75f9afb75c04  absl::lts_20260107::log_internal::LogMessage::SendToLog()
    @     0x75f9afb75b86  absl::lts_20260107::log_internal::LogMessage::Flush()
    @     0x75f9af8b4450  stream_executor::gpu::CUDAFft::UpdatePlanWithScratchAllocator()
    @     0x75f9a61a9b7f  xla::gpu::RunFft()
    @     0x75f9a61a9a4d  xla::gpu::FftThunk::ExecuteOnStream()
    @     0x75f9a6222bd2  xla::gpu::ThunkExecutor::ExecuteOnStream()
    @     0x75f9a60ef5b9  xla::gpu::(anonymous namespace)::ExecuteThunksImpl()
    @     0x75f9a60eaec4  xla::gpu::GpuExecutable::ExecuteThunks()
    @     0x75f9a4cd4247  xla::StreamExecutorGpuClient::RunAsync()
    @     0x75f9a4d02f47  xla::PjRtStreamExecutorRawLoadedExecutable::Execute()::$_3::operator()()
    @     0x75f9a4d01aaf  xla::PjRtStreamExecutorRawLoadedExecutable::Execute()
    @     0x75f9a4d3a16a  xla::CommonPjRtLoadedExecutable::ExecuteLaunch()
    @     0x75f9a4d3aced  xla::CommonPjRtLoadedExecutable::ExecuteHelperOnSingleDevice()
    @     0x75f9a4d3be9b  xla::CommonPjRtLoadedExecutable::Execute()
    @     0x75f9a4d052cf  xla::PjRtStreamExecutorLoadedExecutable::Execute()
    @     0x75f9a4ca27d9  pjrt::PJRT_LoadedExecutable_Execute()
    @     0x760122ebf73a  xla::PjRtCApiLoadedExecutable::Execute()
    @     0x76011f3b353a  xla::ifrt::PjRtLoadedExecutable::Execute()
    @     0x760122e4696b  jax::(anonymous namespace)::PjitFunction::Call()
    @     0x760122e4322f  PjitFunction_tp_vectorcall
    @           0x5499b5  PyObject_Vectorcall
    @           0x5d710f  _PyEval_EvalFrameDefault
    @           0x5d55eb  PyEval_EvalCode
    @           0x608852  (unknown)
    @           0x6b50d3  (unknown)
    @           0x6b4e3a  _PyRun_SimpleFileObject
    @           0x6b4c6f  _PyRun_AnyFileObject
    @           0x6bccd5  Py_RunMain
    @           0x6bc7bd  Py_BytesMain
    @     0x760182c2a1ca  (unknown)
    @     0x760182c2a28b  __libc_start_main
    @           0x657a05  _start
RESTART24 gmaster 8192 spin2 collect before cufft work area
PARTITION=root
HOST_DENIED cpu 64
STAGE field
W0925 18:09:07.881069     115 hlo_rematerialization.cc:3233] Can't reduce memory use below 56.26GiB (60408218254 bytes) by rematerialization; only reduced to 63.93GiB (68649881612 bytes), down from 63.93GiB (68649881612 bytes) originally
STAGE coupling
E0925 18:16:14.267993     115 cuda_executor.cc:1206] [1] Failed to allocate device memory: INTERNAL: [1] Failed to allocate 8.00GiB (8588886016 bytes) of device memory: : CUDA_ERROR_OUT_OF_MEMORY: out of memory
E0925 18:16:14.268017     115 cuda_fft.cc:272] Failed to allocate work area.
F0925 18:16:14.268018     115 cuda_fft.cc:346] Failed to update custom allocator for cufft plan: Failed to allocate request for 8.00GiB (8588886016B) on device ordinal 1
*** Check failure stack trace: ***
    @     0x7f0b39f75c04  absl::lts_20260107::log_internal::LogMessage::SendToLog()
    @     0x7f0b39f75b86  absl::lts_20260107::log_internal::LogMessage::Flush()
    @     0x7f0b39cb4450  stream_executor::gpu::CUDAFft::UpdatePlanWithScratchAllocator()
    @     0x7f0b305a9b7f  xla::gpu::RunFft()
    @     0x7f0b305a9a4d  xla::gpu::FftThunk::ExecuteOnStream()
    @     0x7f0b30622bd2  xla::gpu::ThunkExecutor::ExecuteOnStream()
    @     0x7f0b304ef5b9  xla::gpu::(anonymous namespace)::ExecuteThunksImpl()
    @     0x7f0b304eaec4  xla::gpu::GpuExecutable::ExecuteThunks()
    @     0x7f0b2f0d4247  xla::StreamExecutorGpuClient::RunAsync()
    @     0x7f0b2f102f47  xla::PjRtStreamExecutorRawLoadedExecutable::Execute()::$_3::operator()()
    @     0x7f0b2f101aaf  xla::PjRtStreamExecutorRawLoadedExecutable::Execute()
    @     0x7f0b2f13a16a  xla::CommonPjRtLoadedExecutable::ExecuteLaunch()
    @     0x7f0b2f13aced  xla::CommonPjRtLoadedExecutable::ExecuteHelperOnSingleDevice()
    @     0x7f0b2f13be9b  xla::CommonPjRtLoadedExecutable::Execute()
    @     0x7f0b2f1052cf  xla::PjRtStreamExecutorLoadedExecutable::Execute()
    @     0x7f0b2f0a27d9  pjrt::PJRT_LoadedExecutable_Execute()
    @     0x7f12ad27f73a  xla::PjRtCApiLoadedExecutable::Execute()
    @     0x7f12a977353a  xla::ifrt::PjRtLoadedExecutable::Execute()
    @     0x7f12ad20696b  jax::(anonymous namespace)::PjitFunction::Call()
    @     0x7f12ad20322f  PjitFunction_tp_vectorcall
    @           0x5499b5  PyObject_Vectorcall
    @           0x5d710f  _PyEval_EvalFrameDefault
    @           0x5d55eb  PyEval_EvalCode
    @           0x608852  (unknown)
    @           0x6b50d3  (unknown)
    @           0x6b4e3a  _PyRun_SimpleFileObject
    @           0x6b4c6f  _PyRun_AnyFileObject
    @           0x6bccd5  Py_RunMain
    @           0x6bc7bd  Py_BytesMain
    @     0x7f130d02a1ca  (unknown)
    @     0x7f130d02a28b  __libc_start_main
    @           0x657a05  _start
RESTART25 gmaster 8192 spin2 chunk inverse ring fft
PARTITION=root
HOST_DENIED cpu 64
STAGE field
W0925 18:23:51.290295     116 hlo_rematerialization.cc:3233] Can't reduce memory use below 56.26GiB (60408218254 bytes) by rematerialization; only reduced to 63.93GiB (68649881612 bytes), down from 63.93GiB (68649881612 bytes) originally
STAGE coupling
E0925 18:30:57.612023     116 cuda_executor.cc:1206] [1] Failed to allocate device memory: INTERNAL: [1] Failed to allocate 8.00GiB (8588886016 bytes) of device memory: : CUDA_ERROR_OUT_OF_MEMORY: out of memory
E0925 18:30:57.612045     116 cuda_fft.cc:272] Failed to allocate work area.
F0925 18:30:57.612047     116 cuda_fft.cc:346] Failed to update custom allocator for cufft plan: Failed to allocate request for 8.00GiB (8588886016B) on device ordinal 1
*** Check failure stack trace: ***
    @     0x7e886cb75c04  absl::lts_20260107::log_internal::LogMessage::SendToLog()
    @     0x7e886cb75b86  absl::lts_20260107::log_internal::LogMessage::Flush()
    @     0x7e886c8b4450  stream_executor::gpu::CUDAFft::UpdatePlanWithScratchAllocator()
    @     0x7e88631a9b7f  xla::gpu::RunFft()
    @     0x7e88631a9a4d  xla::gpu::FftThunk::ExecuteOnStream()
    @     0x7e8863222bd2  xla::gpu::ThunkExecutor::ExecuteOnStream()
    @     0x7e88630ef5b9  xla::gpu::(anonymous namespace)::ExecuteThunksImpl()
    @     0x7e88630eaec4  xla::gpu::GpuExecutable::ExecuteThunks()
    @     0x7e8861cd4247  xla::StreamExecutorGpuClient::RunAsync()
    @     0x7e8861d02f47  xla::PjRtStreamExecutorRawLoadedExecutable::Execute()::$_3::operator()()
    @     0x7e8861d01aaf  xla::PjRtStreamExecutorRawLoadedExecutable::Execute()
    @     0x7e8861d3a16a  xla::CommonPjRtLoadedExecutable::ExecuteLaunch()
    @     0x7e8861d3aced  xla::CommonPjRtLoadedExecutable::ExecuteHelperOnSingleDevice()
    @     0x7e8861d3be9b  xla::CommonPjRtLoadedExecutable::Execute()
    @     0x7e8861d052cf  xla::PjRtStreamExecutorLoadedExecutable::Execute()
    @     0x7e8861ca27d9  pjrt::PJRT_LoadedExecutable_Execute()
    @     0x7e8fdff7f73a  xla::PjRtCApiLoadedExecutable::Execute()
    @     0x7e8fdc47353a  xla::ifrt::PjRtLoadedExecutable::Execute()
    @     0x7e8fdff0696b  jax::(anonymous namespace)::PjitFunction::Call()
    @     0x7e8fdff0322f  PjitFunction_tp_vectorcall
    @           0x5499b5  PyObject_Vectorcall
    @           0x5d710f  _PyEval_EvalFrameDefault
    @           0x5d55eb  PyEval_EvalCode
    @           0x608852  (unknown)
    @           0x6b50d3  (unknown)
    @           0x6b4e3a  _PyRun_SimpleFileObject
    @           0x6b4c6f  _PyRun_AnyFileObject
    @           0x6bccd5  Py_RunMain
    @           0x6bc7bd  Py_BytesMain
    @     0x7e903fc2a1ca  (unknown)
    @     0x7e903fc2a28b  __libc_start_main
    @           0x657a05  _start
RESTART26 gmaster 8192 spin2 per-chunk polar kernel
PARTITION=root
HOST_DENIED cpu 64
STAGE field
W0925 20:03:48.892625     114 hlo_rematerialization.cc:3233] Can't reduce memory use below 56.26GiB (60408218254 bytes) by rematerialization; only reduced to 63.93GiB (68649881612 bytes), down from 63.93GiB (68649881612 bytes) originally
STAGE coupling
FAIL nside=8192 spin=2 TracerArrayConversionError: The numpy.ndarray conversion method __array__() was called on traced array with shape int64[1024,1]
The error occurred while tracing the function _inverse_ring_fft_herm at /scratch/scratch-lxu/agent_dev/auto_research_agent/GMaster/gmaster/utils.py:1406 for jit. This value became a tracer due to JAX operations on these lines:

  operation a:i64[1024] = add b 32767:i64[]
    from line /scratch/scratch-lxu/agent_dev/auto_research_agent/GMaster/gmaster/utils.py:1446:32 (_inverse_ring_fft_herm)

  operation a:i64[1024] = select_n b c d
    from line /scratch/scratch-lxu/agent_dev/auto_research_agent/GMaster/gmaster/utils.py:1446:32 (_inverse_ring_fft_herm)

  operation a:i64[1024] = gather[
  dimension_numbers=GatherDimensionNumbers(offset_dims=(), collapsed_slice_dims=(0,), start_index_map=(0,), operand_batching_dims=(), start_indices_batching_dims=())
  fill_value=None
  indices_are_sorted=False
  mode=GatherScatterMode.PROMISE_IN_BOUNDS
  slice_sizes=(1,)
  unique_indices=False
] b c
    from line /scratch/scratch-lxu/agent_dev/auto_research_agent/GMaster/gmaster/utils.py:1446:32 (_inverse_ring_fft_herm)

  operation a:i64[1024] = mul 2:i64[] b
    from line /scratch/scratch-lxu/agent_dev/auto_research_agent/GMaster/gmaster/utils.py:1446:28 (_inverse_ring_fft_herm)
See https://docs.jax.dev/en/latest/errors.html#jax.errors.TracerArrayConversionError
Traceback (most recent call last):
  File "/scratch/scratch-lxu/agent_dev/auto_research_agent/GMaster/benchmarks/independent/bench_act_warm.py", line 104, in main
    one(nside, spin, engine, cores)
  File "/scratch/scratch-lxu/agent_dev/auto_research_agent/GMaster/benchmarks/independent/bench_act_warm.py", line 82, in one
    once()
  File "/scratch/scratch-lxu/agent_dev/auto_research_agent/GMaster/benchmarks/independent/bench_act_warm.py", line 76, in once
    work.compute_coupling_matrix(field, field, bins)
  File "/scratch/scratch-lxu/agent_dev/auto_research_agent/GMaster/gmaster/workspaces.py", line 1507, in compute_coupling_matrix
    jax.block_until_ready(fl1.get_mask_alms())
                          ^^^^^^^^^^^^^^^^^^^
  File "/scratch/scratch-lxu/agent_dev/auto_research_agent/GMaster/gmaster/field.py", line 284, in get_mask_alms
    alms = map2alm(
           ^^^^^^^^
  File "/scratch/scratch-lxu/agent_dev/auto_research_agent/GMaster/gmaster/utils.py", line 3142, in map2alm
    return _map2alm_core_pallas_multi_gpu(
           ^^^^^^^^^^^^^^^^^^^^^^^^^^^^^^^
  File "/scratch/scratch-lxu/agent_dev/auto_research_agent/GMaster/gmaster/utils.py", line 3001, in _map2alm_core_pallas_multi_gpu
    synthed = _alm2map_core_pallas_multi_gpu(
              ^^^^^^^^^^^^^^^^^^^^^^^^^^^^^^^
  File "/scratch/scratch-lxu/agent_dev/auto_research_agent/GMaster/gmaster/utils.py", line 2988, in _alm2map_core_pallas_multi_gpu
    out = jnp.real(_finish_inverse_pallas(ftm_positive, L=L_work, nside=nside))[None, :]
                   ^^^^^^^^^^^^^^^^^^^^^^^^^^^^^^^^^^^^^^^^^^^^^^^^^^^^^^^^^^^
  File "/scratch/scratch-lxu/agent_dev/auto_research_agent/GMaster/gmaster/utils.py", line 1787, in _finish_inverse_pallas
    return _inverse_ring_fft_herm(
           ^^^^^^^^^^^^^^^^^^^^^^^
  File "/scratch/scratch-lxu/agent_dev/auto_research_agent/GMaster/gmaster/utils.py", line 1448, in _inverse_ring_fft_herm
    chirp_m = _chirp(jnp.arange(L, dtype=jnp.int64), two_nphi, 1.0, L)
              ^^^^^^^^^^^^^^^^^^^^^^^^^^^^^^^^^^^^^^^^^^^^^^^^^^^^^^^^
  File "/scratch/scratch-lxu/agent_dev/auto_research_agent/GMaster/gmaster/utils.py", line 1193, in _chirp
    wide = int(np.max(np.asarray(two_nphi))) > 65536
                      ^^^^^^^^^^^^^^^^^^^^
jax.errors.TracerArrayConversionError: The numpy.ndarray conversion method __array__() was called on traced array with shape int64[1024,1]
The error occurred while tracing the function _inverse_ring_fft_herm at /scratch/scratch-lxu/agent_dev/auto_research_agent/GMaster/gmaster/utils.py:1406 for jit. This value became a tracer due to JAX operations on these lines:

  operation a:i64[1024] = add b 32767:i64[]
    from line /scratch/scratch-lxu/agent_dev/auto_research_agent/GMaster/gmaster/utils.py:1446:32 (_inverse_ring_fft_herm)

  operation a:i64[1024] = select_n b c d
    from line /scratch/scratch-lxu/agent_dev/auto_research_agent/GMaster/gmaster/utils.py:1446:32 (_inverse_ring_fft_herm)

  operation a:i64[1024] = gather[
  dimension_numbers=GatherDimensionNumbers(offset_dims=(), collapsed_slice_dims=(0,), start_index_map=(0,), operand_batching_dims=(), start_indices_batching_dims=())
  fill_value=None
  indices_are_sorted=False
  mode=GatherScatterMode.PROMISE_IN_BOUNDS
  slice_sizes=(1,)
  unique_indices=False
] b c
    from line /scratch/scratch-lxu/agent_dev/auto_research_agent/GMaster/gmaster/utils.py:1446:32 (_inverse_ring_fft_herm)

  operation a:i64[1024] = mul 2:i64[] b
    from line /scratch/scratch-lxu/agent_dev/auto_research_agent/GMaster/gmaster/utils.py:1446:28 (_inverse_ring_fft_herm)
See https://docs.jax.dev/en/latest/errors.html#jax.errors.TracerArrayConversionError
--------------------
For simplicity, JAX has removed its internal frames from the traceback of the following exception. Set JAX_TRACEBACK_FILTERING=off to include these.
RESTART27 gmaster 8192 spin2 concrete polar kernel
PARTITION=root
HOST_DENIED cpu 64
STAGE field
W0925 21:34:52.312304     113 hlo_rematerialization.cc:3233] Can't reduce memory use below 56.26GiB (60408218254 bytes) by rematerialization; only reduced to 63.93GiB (68649881612 bytes), down from 63.93GiB (68649881612 bytes) originally
STAGE coupling
FAIL nside=8192 spin=2 AttributeError: The 'block_until_ready' method is not available on traced array with shape complex64[1024,32768].
The error occurred while tracing the function _inverse_ring_fft_herm at /scratch/scratch-lxu/agent_dev/auto_research_agent/GMaster/gmaster/utils.py:1406 for jit. This concrete value was not available in Python because it depends on the value of the argument ftm_positive.
Traceback (most recent call last):
  File "/scratch/scratch-lxu/agent_dev/auto_research_agent/GMaster/benchmarks/independent/bench_act_warm.py", line 104, in main
    one(nside, spin, engine, cores)
  File "/scratch/scratch-lxu/agent_dev/auto_research_agent/GMaster/benchmarks/independent/bench_act_warm.py", line 82, in one
    once()
  File "/scratch/scratch-lxu/agent_dev/auto_research_agent/GMaster/benchmarks/independent/bench_act_warm.py", line 76, in once
    work.compute_coupling_matrix(field, field, bins)
  File "/scratch/scratch-lxu/agent_dev/auto_research_agent/GMaster/gmaster/workspaces.py", line 1507, in compute_coupling_matrix
    jax.block_until_ready(fl1.get_mask_alms())
                          ^^^^^^^^^^^^^^^^^^^
  File "/scratch/scratch-lxu/agent_dev/auto_research_agent/GMaster/gmaster/field.py", line 284, in get_mask_alms
    alms = map2alm(
           ^^^^^^^^
  File "/scratch/scratch-lxu/agent_dev/auto_research_agent/GMaster/gmaster/utils.py", line 3142, in map2alm
    return _map2alm_core_pallas_multi_gpu(
           ^^^^^^^^^^^^^^^^^^^^^^^^^^^^^^^
  File "/scratch/scratch-lxu/agent_dev/auto_research_agent/GMaster/gmaster/utils.py", line 3001, in _map2alm_core_pallas_multi_gpu
    synthed = _alm2map_core_pallas_multi_gpu(
              ^^^^^^^^^^^^^^^^^^^^^^^^^^^^^^^
  File "/scratch/scratch-lxu/agent_dev/auto_research_agent/GMaster/gmaster/utils.py", line 2988, in _alm2map_core_pallas_multi_gpu
    out = jnp.real(_finish_inverse_pallas(ftm_positive, L=L_work, nside=nside))[None, :]
                   ^^^^^^^^^^^^^^^^^^^^^^^^^^^^^^^^^^^^^^^^^^^^^^^^^^^^^^^^^^^
  File "/scratch/scratch-lxu/agent_dev/auto_research_agent/GMaster/gmaster/utils.py", line 1787, in _finish_inverse_pallas
    return _inverse_ring_fft_herm(
           ^^^^^^^^^^^^^^^^^^^^^^^
  File "/scratch/scratch-lxu/agent_dev/auto_research_agent/GMaster/gmaster/utils.py", line 1473, in _inverse_ring_fft_herm
    part.block_until_ready()
    ^^^^^^^^^^^^^^^^^^^^^^
AttributeError: The 'block_until_ready' method is not available on traced array with shape complex64[1024,32768].
The error occurred while tracing the function _inverse_ring_fft_herm at /scratch/scratch-lxu/agent_dev/auto_research_agent/GMaster/gmaster/utils.py:1406 for jit. This concrete value was not available in Python because it depends on the value of the argument ftm_positive.
--------------------
For simplicity, JAX has removed its internal frames from the traceback of the following exception. Set JAX_TRACEBACK_FILTERING=off to include these.
RESTART28 gmaster 8192 spin2 inverse chunks outside jit
PARTITION=root
HOST_DENIED cpu 64
STAGE field
W0925 23:38:35.809236     115 hlo_rematerialization.cc:3233] Can't reduce memory use below 56.26GiB (60408218254 bytes) by rematerialization; only reduced to 63.93GiB (68649881612 bytes), down from 63.93GiB (68649881612 bytes) originally
STAGE coupling
E0925 23:45:48.533762     115 cuda_executor.cc:1206] [1] Failed to allocate device memory: INTERNAL: [1] Failed to allocate 8.00GiB (8589672448 bytes) of device memory: : CUDA_ERROR_OUT_OF_MEMORY: out of memory
FAIL nside=8192 spin=2 JaxRuntimeError: RESOURCE_EXHAUSTED: Failed to allocate request for 8.00GiB (8589672448B) on device ordinal 1
Traceback (most recent call last):
  File "/scratch/scratch-lxu/agent_dev/auto_research_agent/GMaster/benchmarks/independent/bench_act_warm.py", line 104, in main
    one(nside, spin, engine, cores)
  File "/scratch/scratch-lxu/agent_dev/auto_research_agent/GMaster/benchmarks/independent/bench_act_warm.py", line 82, in one
    once()
  File "/scratch/scratch-lxu/agent_dev/auto_research_agent/GMaster/benchmarks/independent/bench_act_warm.py", line 76, in once
    work.compute_coupling_matrix(field, field, bins)
  File "/scratch/scratch-lxu/agent_dev/auto_research_agent/GMaster/gmaster/workspaces.py", line 1507, in compute_coupling_matrix
    jax.block_until_ready(fl1.get_mask_alms())
                          ^^^^^^^^^^^^^^^^^^^
  File "/scratch/scratch-lxu/agent_dev/auto_research_agent/GMaster/gmaster/field.py", line 284, in get_mask_alms
    alms = map2alm(
           ^^^^^^^^
  File "/scratch/scratch-lxu/agent_dev/auto_research_agent/GMaster/gmaster/utils.py", line 3176, in map2alm
    return _map2alm_core_pallas_multi_gpu(
           ^^^^^^^^^^^^^^^^^^^^^^^^^^^^^^^
  File "/scratch/scratch-lxu/agent_dev/auto_research_agent/GMaster/gmaster/utils.py", line 3035, in _map2alm_core_pallas_multi_gpu
    synthed = _alm2map_core_pallas_multi_gpu(
              ^^^^^^^^^^^^^^^^^^^^^^^^^^^^^^^
  File "/scratch/scratch-lxu/agent_dev/auto_research_agent/GMaster/gmaster/utils.py", line 3022, in _alm2map_core_pallas_multi_gpu
    out = jnp.real(_finish_inverse_pallas(ftm_positive, L=L_work, nside=nside))[None, :]
                   ^^^^^^^^^^^^^^^^^^^^^^^^^^^^^^^^^^^^^^^^^^^^^^^^^^^^^^^^^^^
  File "/scratch/scratch-lxu/agent_dev/auto_research_agent/GMaster/gmaster/utils.py", line 1818, in _finish_inverse_pallas
    return _inverse_ring_fft_herm_chunked(ftm_positive, L=L, nside=nside)
           ^^^^^^^^^^^^^^^^^^^^^^^^^^^^^^^^^^^^^^^^^^^^^^^^^^^^^^^^^^^^^^
  File "/scratch/scratch-lxu/agent_dev/auto_research_agent/GMaster/gmaster/utils.py", line 1474, in _inverse_ring_fft_herm_chunked
    result.block_until_ready()
jax.errors.JaxRuntimeError: RESOURCE_EXHAUSTED: Failed to allocate request for 8.00GiB (8589672448B) on device ordinal 1
RESTART29 gmaster 8192 spin2 scatter ring chunks
PARTITION=root
HOST_DENIED cpu 64
STAGE field
W0926 01:40:37.223792     114 hlo_rematerialization.cc:3233] Can't reduce memory use below 56.26GiB (60408218254 bytes) by rematerialization; only reduced to 63.93GiB (68649881612 bytes), down from 63.93GiB (68649881612 bytes) originally
STAGE coupling
E0926 01:47:43.807676     114 cuda_executor.cc:1206] [1] Failed to allocate device memory: INTERNAL: [1] Failed to allocate 6.00GiB (6442450944 bytes) of device memory: : CUDA_ERROR_OUT_OF_MEMORY: out of memory
E0926 01:47:43.864170     114 cuda_executor.cc:1206] [1] Failed to allocate device memory: INTERNAL: [1] Failed to allocate 768.00MiB (805306368 bytes) of device memory: : CUDA_ERROR_OUT_OF_MEMORY: out of memory
E0926 01:47:43.914417     114 cuda_executor.cc:1206] [1] Failed to allocate device memory: INTERNAL: [1] Failed to allocate 768.00MiB (805306368 bytes) of device memory: : CUDA_ERROR_OUT_OF_MEMORY: out of memory
E0926 01:47:43.966461     114 cuda_executor.cc:1206] [1] Failed to allocate device memory: INTERNAL: [1] Failed to allocate 768.00MiB (805306368 bytes) of device memory: : CUDA_ERROR_OUT_OF_MEMORY: out of memory
E0926 01:47:43.966778     114 cuda_executor.cc:1206] [1] Failed to allocate device memory: INTERNAL: [1] Failed to allocate 6.00GiB (6442450944 bytes) of device memory: : CUDA_ERROR_OUT_OF_MEMORY: out of memory
FAIL nside=8192 spin=2 JaxRuntimeError: RESOURCE_EXHAUSTED: Failed to allocate request for 768.00MiB (805306368B) on device ordinal 1
Traceback (most recent call last):
  File "/scratch/scratch-lxu/agent_dev/auto_research_agent/GMaster/benchmarks/independent/bench_act_warm.py", line 104, in main
    one(nside, spin, engine, cores)
  File "/scratch/scratch-lxu/agent_dev/auto_research_agent/GMaster/benchmarks/independent/bench_act_warm.py", line 82, in one
    once()
  File "/scratch/scratch-lxu/agent_dev/auto_research_agent/GMaster/benchmarks/independent/bench_act_warm.py", line 76, in once
    work.compute_coupling_matrix(field, field, bins)
  File "/scratch/scratch-lxu/agent_dev/auto_research_agent/GMaster/gmaster/workspaces.py", line 1507, in compute_coupling_matrix
    jax.block_until_ready(fl1.get_mask_alms())
                          ^^^^^^^^^^^^^^^^^^^
  File "/scratch/scratch-lxu/agent_dev/auto_research_agent/GMaster/gmaster/field.py", line 284, in get_mask_alms
    alms = map2alm(
           ^^^^^^^^
  File "/scratch/scratch-lxu/agent_dev/auto_research_agent/GMaster/gmaster/utils.py", line 3189, in map2alm
    return _map2alm_core_pallas_multi_gpu(
           ^^^^^^^^^^^^^^^^^^^^^^^^^^^^^^^
  File "/scratch/scratch-lxu/agent_dev/auto_research_agent/GMaster/gmaster/utils.py", line 3048, in _map2alm_core_pallas_multi_gpu
    synthed = _alm2map_core_pallas_multi_gpu(
              ^^^^^^^^^^^^^^^^^^^^^^^^^^^^^^^
  File "/scratch/scratch-lxu/agent_dev/auto_research_agent/GMaster/gmaster/utils.py", line 3035, in _alm2map_core_pallas_multi_gpu
    out = jnp.real(_finish_inverse_pallas(ftm_positive, L=L_work, nside=nside))[None, :]
                   ^^^^^^^^^^^^^^^^^^^^^^^^^^^^^^^^^^^^^^^^^^^^^^^^^^^^^^^^^^^
  File "/scratch/scratch-lxu/agent_dev/auto_research_agent/GMaster/gmaster/utils.py", line 1831, in _finish_inverse_pallas
    return _inverse_ring_fft_herm_chunked(ftm_positive, L=L, nside=nside)
           ^^^^^^^^^^^^^^^^^^^^^^^^^^^^^^^^^^^^^^^^^^^^^^^^^^^^^^^^^^^^^^
  File "/scratch/scratch-lxu/agent_dev/auto_research_agent/GMaster/gmaster/utils.py", line 1482, in _inverse_ring_fft_herm_chunked
    out = _scatter_ring_chunk(out, part, r0, source, used, width)
          ^^^^^^^^^^^^^^^^^^^^^^^^^^^^^^^^^^^^^^^^^^^^^^^^^^^^^^^
  File "/scratch/scratch-lxu/agent_dev/auto_research_agent/GMaster/gmaster/utils.py", line 1430, in _scatter_ring_chunk
    updated.block_until_ready()
jax.errors.JaxRuntimeError: RESOURCE_EXHAUSTED: Failed to allocate request for 768.00MiB (805306368B) on device ordinal 1
RESTART30 gmaster 8192 spin2 pack ring pixels
PARTITION=root
HOST_DENIED cpu 64
STAGE field
W0926 07:34:35.119827     114 hlo_rematerialization.cc:3233] Can't reduce memory use below 56.26GiB (60408218254 bytes) by rematerialization; only reduced to 63.93GiB (68649881612 bytes), down from 63.93GiB (68649881612 bytes) originally
STAGE coupling
E0926 07:48:50.532543     366 cuda_executor.cc:1206] [0] Failed to allocate device memory: INTERNAL: [0] Failed to allocate 18.00GiB (19323813952 bytes) of device memory: : CUDA_ERROR_OUT_OF_MEMORY: out of memory
E0926 07:48:50.532806     366 cuda_executor.cc:1206] [0] Failed to allocate device memory: INTERNAL: [0] Failed to allocate 18.00GiB (19323813952 bytes) of device memory: : CUDA_ERROR_OUT_OF_MEMORY: out of memory
E0926 07:48:50.533045     366 cuda_executor.cc:1206] [0] Failed to allocate device memory: INTERNAL: [0] Failed to allocate 18.00GiB (19323813952 bytes) of device memory: : CUDA_ERROR_OUT_OF_MEMORY: out of memory
E0926 07:48:50.547199     114 autotuner.cc:460] Could not get config for HLO: %wrapped_transpose = f64[49151,6143,8]{2,1,0} fusion(%while.11.0), kind=kInput, calls=%wrapped_transpose_computation, metadata={op_name="jit(_wigner_d_table)/while" stack_frame_id=25}. Status: INTERNAL: Autotuning failed for HLO: %wrapped_transpose = f64[49151,6143,8]{2,1,0} fusion(%while.11.0), kind=kInput, calls=%wrapped_transpose_computation, metadata={op_name="jit(_wigner_d_table)/while" stack_frame_id=25}. Failed to pick best config: All configs failed during profiling.
Failures (3):
EXECUTION FAILED: RESOURCE_EXHAUSTED: Failed to allocate request for 18.00GiB (19323813952B) on device ordinal 0
EXECUTION FAILED: RESOURCE_EXHAUSTED: Failed to allocate request for 18.00GiB (19323813952B) on device ordinal 0
EXECUTION FAILED: RESOURCE_EXHAUSTED: Failed to allocate request for 18.00GiB (19323813952B) on device ordinal 0
FAIL nside=8192 spin=2 JaxRuntimeError: INTERNAL: Autotuning failed for HLO: %wrapped_transpose = f64[49151,6143,8]{2,1,0} fusion(%while.11.0), kind=kInput, calls=%wrapped_transpose_computation, metadata={op_name="jit(_wigner_d_table)/while" stack_frame_id=25}. Failed to pick best config: All configs failed during profiling.
Failures (3):
EXECUTION FAILED: RESOURCE_EXHAUSTED: Failed to allocate request for 18.00GiB (19323813952B) on device ordinal 0
EXECUTION FAILED: RESOURCE_EXHAUSTED: Failed to allocate request for 18.00GiB (19323813952B) on device ordinal 0
EXECUTION FAILED: RESOURCE_EXHAUSTED: Failed to allocate request for 18.00GiB (19323813952B) on device ordinal 0
Traceback (most recent call last):
  File "/scratch/scratch-lxu/agent_dev/auto_research_agent/GMaster/benchmarks/independent/bench_act_warm.py", line 104, in main
    one(nside, spin, engine, cores)
  File "/scratch/scratch-lxu/agent_dev/auto_research_agent/GMaster/benchmarks/independent/bench_act_warm.py", line 82, in one
    once()
  File "/scratch/scratch-lxu/agent_dev/auto_research_agent/GMaster/benchmarks/independent/bench_act_warm.py", line 76, in once
    work.compute_coupling_matrix(field, field, bins)
  File "/scratch/scratch-lxu/agent_dev/auto_research_agent/GMaster/gmaster/workspaces.py", line 1564, in compute_coupling_matrix
    else _coupling_matrices_spin2(
         ^^^^^^^^^^^^^^^^^^^^^^^^^
  File "/scratch/scratch-lxu/agent_dev/auto_research_agent/GMaster/gmaster/workspaces.py", line 807, in _coupling_matrices_spin2
    even, odd = _general_coupling_matrix(
                ^^^^^^^^^^^^^^^^^^^^^^^^^
  File "/scratch/scratch-lxu/agent_dev/auto_research_agent/GMaster/gmaster/workspaces.py", line 781, in _general_coupling_matrix
    tables = _wigner_d_triple(
             ^^^^^^^^^^^^^^^^^
  File "/scratch/scratch-lxu/agent_dev/auto_research_agent/GMaster/gmaster/workspaces.py", line 770, in _wigner_d_triple
    _wigner_d_shared(beta, s1 - n1, s2 - n2, lmax_mask),
    ^^^^^^^^^^^^^^^^^^^^^^^^^^^^^^^^^^^^^^^^^^^^^^^^^^^
  File "/scratch/scratch-lxu/agent_dev/auto_research_agent/GMaster/gmaster/workspaces.py", line 757, in _wigner_d_shared
    table = _wigner_d_table(beta, m=m, n=n, lmax=order)
            ^^^^^^^^^^^^^^^^^^^^^^^^^^^^^^^^^^^^^^^^^^^
jax.errors.JaxRuntimeError: INTERNAL: Autotuning failed for HLO: %wrapped_transpose = f64[49151,6143,8]{2,1,0} fusion(%while.11.0), kind=kInput, calls=%wrapped_transpose_computation, metadata={op_name="jit(_wigner_d_table)/while" stack_frame_id=25}. Failed to pick best config: All configs failed during profiling.
Failures (3):
EXECUTION FAILED: RESOURCE_EXHAUSTED: Failed to allocate request for 18.00GiB (19323813952B) on device ordinal 0
EXECUTION FAILED: RESOURCE_EXHAUSTED: Failed to allocate request for 18.00GiB (19323813952B) on device ordinal 0
EXECUTION FAILED: RESOURCE_EXHAUSTED: Failed to allocate request for 18.00GiB (19323813952B) on device ordinal 0
--------------------
For simplicity, JAX has removed its internal frames from the traceback of the following exception. Set JAX_TRACEBACK_FILTERING=off to include these.
