PARTITION=root
HOST_DENIED cpu 64
RESULT {"engine": "namaster", "cores": 32, "nside": 4096, "spin": 0, "ana_times_ms": [3434.17167699954, 3437.5230810001085, 3431.7613120001624, 3474.358688999928, 3423.628533997544], "syn_times_ms": [3576.6528869971808, 3544.6788139997807, 3574.85715599978, 3538.2068210019497, 3556.0382590010704], "ana_ms": 3434.17167699954, "syn_ms": 3556.0382590010704}
PARTITION=root
HOST_DENIED cpu 64
RESULT {"engine": "namaster", "cores": 32, "nside": 4096, "spin": 2, "ana_times_ms": [6872.6938370018615, 6870.5488679988775, 6862.732118999702, 6877.565619000961, 6914.238170997123], "syn_times_ms": [7179.884387001948, 7163.0672510000295, 7188.405494998733, 7179.829559001519, 7166.4773099982995], "ana_ms": 6872.6938370018615, "syn_ms": 7179.829559001519}
PARTITION=root
HOST_DENIED cpu 64
RESULT {"engine": "namaster", "cores": 32, "nside": 8192, "spin": 0, "ana_times_ms": [25737.630237999838, 25724.23229299966, 25667.6123080033, 25745.521828001074, 25702.566216998093], "syn_times_ms": [26933.319502000813, 26966.78003999841, 26929.472141000588, 27089.405464001175, 26890.85934600007], "ana_ms": 25724.23229299966, "syn_ms": 26933.319502000813}
PARTITION=root
HOST_DENIED cpu 64
RESULT {"engine": "namaster", "cores": 32, "nside": 8192, "spin": 2, "ana_times_ms": [51908.732682000846, 51716.22808900065, 51833.54116800183, 51688.10285699874, 51693.2065760011], "syn_times_ms": [54342.11676400082, 54288.781961000495, 54422.37648999799, 54267.38742199814, 54366.353301000345], "ana_ms": 51716.22808900065, "syn_ms": 54342.11676400082}
PARTITION=root
HOST_CPUS=191
RESULT {"engine": "namaster", "cores": 96, "nside": 4096, "spin": 0, "ana_times_ms": [1824.0558240031532, 1787.5118369993288, 1831.085546000395, 1880.9854020000785, 1853.4444450015144], "syn_times_ms": [1868.0590180010768, 1837.8069270002015, 1862.6919980015373, 1877.9327339980227, 1845.597514999099], "ana_ms": 1831.085546000395, "syn_ms": 1862.6919980015373}
PARTITION=root
HOST_CPUS=191
RESULT {"engine": "namaster", "cores": 96, "nside": 4096, "spin": 2, "ana_times_ms": [3602.369779997389, 3601.9319349979924, 3610.652741001104, 3692.9544750018977, 3668.4773240012873], "syn_times_ms": [3707.6999210003123, 3713.213219001773, 3699.418633001187, 3676.6285080011585, 3648.4349649981596], "ana_ms": 3610.652741001104, "syn_ms": 3699.418633001187}
PARTITION=root
HOST_CPUS=191
RESULT {"engine": "namaster", "cores": 96, "nside": 8192, "spin": 0, "ana_times_ms": [12753.963232997194, 12781.878360998235, 12857.918740002788, 12986.566030998802, 12941.90077500025], "syn_times_ms": [13419.037980998837, 13428.908788999252, 13523.487272999773, 13481.800892001047, 13648.461220996978], "ana_ms": 12857.918740002788, "syn_ms": 13481.800892001047}
PARTITION=root
HOST_CPUS=191
RESULT {"engine": "namaster", "cores": 96, "nside": 8192, "spin": 2, "ana_times_ms": [25884.630859000026, 26187.75590899895, 25854.918031000125, 25844.261480997375, 25948.60762999815], "syn_times_ms": [27343.98881800007, 27121.422860000166, 27114.232684001763, 27191.379716001393, 27147.815978001745], "ana_ms": 25884.630859000026, "syn_ms": 27147.815978001745}
PARTITION=root
HOST_DENIED cpu 64
RESULT {"engine": "namaster", "cores": 32, "nside": 64, "spin": 0, "ana_times_ms": [0.25875199935398996, 0.19497100220178254, 0.1892910004244186, 0.17885100169223733, 0.17792099970392883], "syn_times_ms": [0.25357299819006585, 0.24647300233482383, 0.25169299988192506, 0.24422299975412898, 0.25684299907879904], "ana_ms": 0.1892910004244186, "syn_ms": 0.25169299988192506}
PARTITION=root
HOST_DENIED cpu 64
RESULT {"engine": "namaster", "cores": 32, "nside": 64, "spin": 2, "ana_times_ms": [0.3832540023722686, 0.30941300065023825, 0.29357300081755966, 0.28362299781292677, 0.2852520010492299], "syn_times_ms": [0.41943399992305785, 0.39082299917936325, 0.41078399954130873, 0.41292400055681355, 0.38348399903043173], "ana_ms": 0.29357300081755966, "syn_ms": 0.41078399954130873}
PARTITION=root
HOST_DENIED cpu 64
RESULT {"engine": "namaster", "cores": 32, "nside": 128, "spin": 0, "ana_times_ms": [0.7232659991132095, 0.501184997119708, 0.5002540019631851, 0.4832640006497968, 0.47384400022565387], "syn_times_ms": [0.6812469982833136, 0.6610359996557236, 0.6662570012849756, 0.6833970001025591, 0.6955360004212707], "ana_ms": 0.5002540019631851, "syn_ms": 0.6812469982833136}
PARTITION=root
HOST_DENIED cpu 64
RESULT {"engine": "namaster", "cores": 32, "nside": 128, "spin": 2, "ana_times_ms": [1.4945139992050827, 1.1315709998598322, 1.1215109989279881, 1.113690002966905, 1.6115350008476526], "syn_times_ms": [1.4990339986979961, 1.5203039984044153, 1.4982440006860998, 1.4816839975537732, 1.4963239991629962], "ana_ms": 1.1315709998598322, "syn_ms": 1.4982440006860998}
PARTITION=root
HOST_DENIED cpu 64
RESULT {"engine": "namaster", "cores": 32, "nside": 256, "spin": 0, "ana_times_ms": [3.2898309982556384, 3.176599002472358, 2.2480109983007424, 2.1653300027537625, 2.1401399972091895], "syn_times_ms": [2.6648450002539903, 2.690625002287561, 2.600615000119433, 2.5744439990376122, 2.562284000305226], "ana_ms": 2.2480109983007424, "syn_ms": 2.600615000119433}
PARTITION=root
HOST_DENIED cpu 64
RESULT {"engine": "namaster", "cores": 32, "nside": 256, "spin": 2, "ana_times_ms": [5.555702002311591, 4.787744001077954, 4.685423999035265, 4.717163999885088, 4.720754001027672], "syn_times_ms": [4.89155600007507, 4.8788060012157075, 5.020096999942325, 4.9146159981319215, 4.885135000222363], "ana_ms": 4.720754001027672, "syn_ms": 4.89155600007507}
PARTITION=root
HOST_DENIED cpu 64
RESULT {"engine": "namaster", "cores": 32, "nside": 512, "spin": 0, "ana_times_ms": [16.210891997616272, 15.355752999312244, 14.915239000401925, 15.466994998860173, 14.612887000112096], "syn_times_ms": [15.238402000250062, 15.225813000142807, 15.358702999947127, 15.455243999895174, 15.015269997093128], "ana_ms": 15.355752999312244, "syn_ms": 15.238402000250062}
PARTITION=root
HOST_DENIED cpu 64
RESULT {"engine": "namaster", "cores": 32, "nside": 512, "spin": 2, "ana_times_ms": [34.53940300096292, 34.24223999900278, 34.59199300050386, 34.334091000346234, 33.72126500107697], "syn_times_ms": [31.510844000877114, 31.108380000659963, 30.253433000325458, 30.280542003310984, 30.578706002415856], "ana_ms": 34.334091000346234, "syn_ms": 30.578706002415856}
PARTITION=root
HOST_DENIED cpu 64
RESULT {"engine": "namaster", "cores": 32, "nside": 1024, "spin": 0, "ana_times_ms": [89.36255400112714, 88.2232939984533, 88.31145499789272, 89.04702099971473, 91.4908140002808], "syn_times_ms": [86.07299399955082, 84.4010580003669, 84.52451899938751, 85.16778600096586, 88.63323799960199], "ana_ms": 89.04702099971473, "syn_ms": 85.16778600096586}
PARTITION=root
HOST_DENIED cpu 64
RESULT {"engine": "namaster", "cores": 32, "nside": 1024, "spin": 2, "ana_times_ms": [178.45754599693464, 171.30321899821865, 171.2303089989291, 165.2728320004826, 163.41509499761742], "syn_times_ms": [171.0882869992929, 165.09480099921348, 162.06924300058745, 159.311258001253, 156.76742299910984], "ana_ms": 171.2303089989291, "syn_ms": 162.06924300058745}
PARTITION=root
HOST_DENIED cpu 64
RESULT {"engine": "namaster", "cores": 32, "nside": 2048, "spin": 0, "ana_times_ms": [537.5820959998237, 528.7206030006928, 503.554538001481, 505.7125269995595, 508.40826299827313], "syn_times_ms": [543.2244690018706, 524.2629819986178, 508.3857329991588, 509.38392199896043, 511.54355100152316], "ana_ms": 508.40826299827313, "syn_ms": 511.54355100152316}
PARTITION=root
HOST_DENIED cpu 64
RESULT {"engine": "namaster", "cores": 32, "nside": 2048, "spin": 2, "ana_times_ms": [1001.1023430015484, 996.4926290012954, 1005.6250630004797, 1001.8450060015311, 1024.3863049981883], "syn_times_ms": [1000.7391399994958, 1024.7915029976866, 1016.9641779975791, 1005.8333830020274, 1010.5440650004311], "ana_ms": 1001.8450060015311, "syn_ms": 1010.5440650004311}
