RECHECK nm32 spin0 nside 64-1024 once
PARTITION=root
HOST_DENIED cpu 0
STAGE field
STAGE coupling
STAGE field
STAGE coupling
RESULT {"engine": "namaster", "cores": 32, "nside": 64, "spin": 0, "seconds": [0.006366369023453444], "cl_path": "benchmarks/independent/act_cl_re1_nm32_n64_s0.npy", "nell": 6}
STAGE field
STAGE coupling
STAGE field
STAGE coupling
RESULT {"engine": "namaster", "cores": 32, "nside": 128, "spin": 0, "seconds": [0.04271020699525252], "cl_path": "benchmarks/independent/act_cl_re1_nm32_n128_s0.npy", "nell": 12}
STAGE field
STAGE coupling
STAGE field
STAGE coupling
RESULT {"engine": "namaster", "cores": 32, "nside": 256, "spin": 0, "seconds": [0.08362681698054075], "cl_path": "benchmarks/independent/act_cl_re1_nm32_n256_s0.npy", "nell": 25}
STAGE field
STAGE coupling
STAGE field
STAGE coupling
RESULT {"engine": "namaster", "cores": 32, "nside": 512, "spin": 0, "seconds": [0.4893966389936395], "cl_path": "benchmarks/independent/act_cl_re1_nm32_n512_s0.npy", "nell": 51}
STAGE field
STAGE coupling
STAGE field
STAGE coupling
RESULT {"engine": "namaster", "cores": 32, "nside": 1024, "spin": 0, "seconds": [2.995053287013434], "cl_path": "benchmarks/independent/act_cl_re1_nm32_n1024_s0.npy", "nell": 102}
RECHECK nm32 spin0 nside 64 once more
PARTITION=root
HOST_DENIED cpu 0
STAGE field
STAGE coupling
STAGE field
STAGE coupling
RESULT {"engine": "namaster", "cores": 32, "nside": 64, "spin": 0, "seconds": [0.013843558030202985], "cl_path": "benchmarks/independent/act_cl_re1_nm32_n64_s0.npy", "nell": 6}
