PARTITION=root
HOST_DENIED cpu 64
E0926 16:20:49.624734     102 gpu_cudamallocasync_allocator.cc:359] gpu_async_0 cuMemAllocAsync failed to allocate 24186854544 bytes: RESOURCE_EXHAUSTED: : CUDA_ERROR_OUT_OF_MEMORY: out of memory
 Reported by CUDA: Free memory/Total memory: 13107200/101971460096
E0926 16:20:49.624916     102 gpu_cudamallocasync_allocator.cc:364] Stats: Limit:                              0B
InUse:                        70.50GiB
MaxInUse:                     78.84GiB
NumAllocs:                        9384
MaxAllocSize:                 22.53GiB
Reserved:                           0B
PeakReserved:                       0B
LargestFreeBlock:                   0B

E0926 16:20:49.624932     102 gpu_cudamallocasync_allocator.cc:68] Histogram of current allocation: (allocation_size_in_bytes, nb_allocation_of_that_sizes), ...;
E0926 16:20:49.624934     102 gpu_cudamallocasync_allocator.cc:71] 512, 1
E0926 16:20:49.624938     102 gpu_cudamallocasync_allocator.cc:71] 32768, 1
E0926 16:20:49.624940     102 gpu_cudamallocasync_allocator.cc:71] 131056, 2
E0926 16:20:49.624942     102 gpu_cudamallocasync_allocator.cc:71] 131072, 3
E0926 16:20:49.624944     102 gpu_cudamallocasync_allocator.cc:71] 262136, 1
E0926 16:20:49.624945     102 gpu_cudamallocasync_allocator.cc:71] 262144, 3
E0926 16:20:49.624947     102 gpu_cudamallocasync_allocator.cc:71] 2416017408, 2
E0926 16:20:49.624949     102 gpu_cudamallocasync_allocator.cc:71] 6442450944, 1
E0926 16:20:49.624951     102 gpu_cudamallocasync_allocator.cc:71] 9663479808, 1
E0926 16:20:49.624952     102 gpu_cudamallocasync_allocator.cc:71] 9664069632, 3
E0926 16:20:49.624954     102 gpu_cudamallocasync_allocator.cc:71] 12884508672, 1
E0926 16:20:49.624956     102 gpu_cudamallocasync_allocator.cc:71] 12884901888, 1
E0926 16:20:49.624960     102 gpu_cudamallocasync_allocator.cc:104] CU_MEMPOOL_ATTR_RESERVED_MEM_CURRENT: 94757715968
E0926 16:20:49.624961     102 gpu_cudamallocasync_allocator.cc:106] CU_MEMPOOL_ATTR_USED_MEM_CURRENT: 75701322200
E0926 16:20:49.624963     102 gpu_cudamallocasync_allocator.cc:107] CU_MEMPOOL_ATTR_RESERVED_MEM_HIGH: 94757715968
E0926 16:20:49.624965     102 gpu_cudamallocasync_allocator.cc:108] CU_MEMPOOL_ATTR_USED_MEM_HIGH: 84649512392
Traceback (most recent call last):
  File "/scratch/scratch-lxu/agent_dev/auto_research_agent/GMaster/benchmarks/independent/bench_three_way.py", line 184, in <module>
    res = run_gm(nside, spin, reps) if engine == "gm" else run_shtns(nside, spin, reps)
          ^^^^^^^^^^^^^^^^^^^^^^^^^
  File "/scratch/scratch-lxu/agent_dev/auto_research_agent/GMaster/benchmarks/independent/bench_three_way.py", line 84, in run_gm
    a = nmt.map2alm(maps_d, spin, minfo, ainfo, n_iter=k); jax.block_until_ready(a)
                                                           ^^^^^^^^^^^^^^^^^^^^^^^^
  File "/scratch/scratch-lxu/venv/cmbagent_env/lib/python3.12/site-packages/jax/_src/api.py", line 2581, in block_until_ready
    try_to_block(arrays[0])
  File "/scratch/scratch-lxu/venv/cmbagent_env/lib/python3.12/site-packages/jax/_src/api.py", line 2564, in try_to_block
    return x.block_until_ready()
           ^^^^^^^^^^^^^^^^^^^^^
jax.errors.JaxRuntimeError: RESOURCE_EXHAUSTED: Out of memory while trying to allocate 22.53GiB.
PARTITION=root
HOST_DENIED cpu 64
[SHTns 3.7.5] built Sep 22 2026, 21:07:35, id: v3.7-33-g4e69ceb,avx512,ishioka,openmp,cuda
RESULT {"engine": "shtns", "route": "shtns", "nside": 8192, "spin": 2, "grid": "GL 24576x49152", "vec1_syn_ms": 15542.282101989258, "vec1_syn_times_ms": [15538.232457998674, 15540.63911398407, 15542.282101989258, 15605.13922397513, 15604.93299702648], "vec1_ana_ms": 16339.837422012351, "vec1_ana_times_ms": [16335.84360399982, 16337.71081501618, 16339.848898001947, 16339.837422012351, 16341.036967001855], "vec1_rt_err": 5.305772604233115e-08, "vec1_dev_gib": 82.16796875}
  cuda GPU #0 "NVIDIA RTX PRO 6000 Blackwell Workstation Edition" found (warp size = 32, compute capabilities = 12.0, CU=188, max_threads=288768, 95 GB, L2 cache=128MB).
!!! Use theta-contiguous FFT on GPU !!!
=> Using VkFFT v1.2.33
PARTITION=root
HOST_DENIED cpu 64
RESULT {"engine": "gm", "route": "march", "nside": 8192, "spin": 2, "syn_ms": 4346.083167009056, "syn_times_ms": [4325.912961969152, 4337.587595975492, 4346.083167009056, 4354.466399992816, 4366.42103001941], "syn_err": 0.0001794967870097812, "ana0_ms": 4561.639193969313, "ana0_times_ms": [4545.338945987169, 4552.534241054673, 4561.639193969313, 4566.28336396534, 4575.257133052219], "ana0_err": 0.00023554167594546057, "ana3_ms": 32347.211772983428, "ana3_times_ms": [32224.741116981022, 32336.67902299203, 32347.211772983428, 32353.567963989917, 32383.555395994335], "ana3_err": 0.00022464121729582178, "peak_gib": 75.8356356099248, "dev_gib": 89.533203125}
